0 verbose cli C:\node.exe C:\node_modules\npm\bin\npm-cli.js
1 info using npm@11.6.2
2 info using node@v24.13.0
3 silly config load:file:C:\node_modules\npm\npmrc
4 silly config load:file:C:\Users\franp\menuMuestra\.npmrc
5 silly config load:file:C:\Users\franp\.npmrc
6 silly config load:file:C:\Users\franp\menuMuestra\%AppData%\npm\etc\npmrc
7 verbose title npm install @supabase/supabase-js
8 verbose argv "install" "@supabase/supabase-js"
9 verbose logfile logs-max:10 dir:C:\Users\franp\menuMuestra\%AppData%\npm-cache\_logs\2026-08-06T16_27_25_279Z-
10 verbose logfile C:\Users\franp\menuMuestra\%AppData%\npm-cache\_logs\2026-08-06T16_27_25_279Z-debug-0.log
11 silly logfile done cleaning log files
12 silly packumentCache heap:2348810240 maxSize:587202560 maxEntrySize:293601280
13 silly idealTree buildDeps
14 silly fetch manifest @supabase/supabase-js@*
15 silly packumentCache full:https://registry.npmjs.org/@supabase%2fsupabase-js cache-miss
16 verbose shrinkwrap failed to load node_modules/.package-lock.json missing from node_modules: node_modules/.pnpm/lucide-react@1.28.0_react@19.2.8
17 http fetch GET 200 https://registry.npmjs.org/@supabase%2fsupabase-js 478ms (cache miss)
18 silly packumentCache full:https://registry.npmjs.org/@supabase%2fsupabase-js set size:undefined disposed:false
19 silly fetch manifest @opentelemetry/api@>=1.0.0
20 silly packumentCache full:https://registry.npmjs.org/@opentelemetry%2fapi cache-miss
21 http fetch GET 200 https://registry.npmjs.org/@opentelemetry%2fapi 55ms (cache revalidated)
22 silly packumentCache full:https://registry.npmjs.org/@opentelemetry%2fapi set size:272967 disposed:false
23 silly placeDep ROOT @supabase/supabase-js@2.112.2 OK for: menu-muestra@0.1.0 want: *
24 silly fetch manifest @supabase/auth-js@2.112.2
25 silly packumentCache full:https://registry.npmjs.org/@supabase%2fauth-js cache-miss
26 silly fetch manifest @supabase/storage-js@2.112.2
27 silly packumentCache full:https://registry.npmjs.org/@supabase%2fstorage-js cache-miss
28 silly fetch manifest @supabase/realtime-js@2.112.2
29 silly packumentCache full:https://registry.npmjs.org/@supabase%2frealtime-js cache-miss
30 silly fetch manifest @supabase/functions-js@2.112.2
31 silly packumentCache full:https://registry.npmjs.org/@supabase%2ffunctions-js cache-miss
32 silly fetch manifest @supabase/postgrest-js@2.112.2
33 silly packumentCache full:https://registry.npmjs.org/@supabase%2fpostgrest-js cache-miss
34 http fetch GET 200 https://registry.npmjs.org/@supabase%2fauth-js 105ms (cache miss)
35 silly packumentCache full:https://registry.npmjs.org/@supabase%2fauth-js set size:undefined disposed:false
36 http fetch GET 200 https://registry.npmjs.org/@supabase%2ffunctions-js 168ms (cache miss)
37 silly packumentCache full:https://registry.npmjs.org/@supabase%2ffunctions-js set size:undefined disposed:false
38 http fetch GET 200 https://registry.npmjs.org/@supabase%2frealtime-js 378ms (cache miss)
39 silly packumentCache full:https://registry.npmjs.org/@supabase%2frealtime-js set size:undefined disposed:false
40 http fetch GET 200 https://registry.npmjs.org/@supabase%2fpostgrest-js 414ms (cache miss)
41 silly packumentCache full:https://registry.npmjs.org/@supabase%2fpostgrest-js set size:undefined disposed:false
42 http fetch GET 200 https://registry.npmjs.org/@supabase%2fstorage-js 533ms (cache miss)
43 silly packumentCache full:https://registry.npmjs.org/@supabase%2fstorage-js set size:undefined disposed:false
44 silly placeDep ROOT @supabase/auth-js@2.112.2 OK for: @supabase/supabase-js@2.112.2 want: 2.112.2
45 silly placeDep ROOT @supabase/functions-js@2.112.2 OK for: @supabase/supabase-js@2.112.2 want: 2.112.2
46 silly placeDep ROOT @supabase/postgrest-js@2.112.2 OK for: @supabase/supabase-js@2.112.2 want: 2.112.2
47 silly placeDep ROOT @supabase/realtime-js@2.112.2 OK for: @supabase/supabase-js@2.112.2 want: 2.112.2
48 silly placeDep ROOT @supabase/storage-js@2.112.2 OK for: @supabase/supabase-js@2.112.2 want: 2.112.2
49 silly fetch manifest @supabase/phoenix@0.4.5
50 silly packumentCache full:https://registry.npmjs.org/@supabase%2fphoenix cache-miss
51 silly fetch manifest iceberg-js@^0.8.1
52 silly packumentCache full:https://registry.npmjs.org/iceberg-js cache-miss
53 http fetch GET 200 https://registry.npmjs.org/iceberg-js 43ms (cache miss)
54 silly packumentCache full:https://registry.npmjs.org/iceberg-js set size:undefined disposed:false
55 http fetch GET 200 https://registry.npmjs.org/@supabase%2fphoenix 49ms (cache miss)
56 silly packumentCache full:https://registry.npmjs.org/@supabase%2fphoenix set size:undefined disposed:false
57 silly placeDep ROOT @supabase/phoenix@0.4.5 OK for: @supabase/realtime-js@2.112.2 want: 0.4.5
58 silly placeDep ROOT iceberg-js@0.8.1 OK for: @supabase/storage-js@2.112.2 want: ^0.8.1
59 silly reify moves {}
60 silly audit bulk request {
60 silly audit   react: [ '19.2.8' ],
60 silly audit   '@alloc/quick-lru': [ '5.2.0' ],
60 silly audit   '@emnapi/runtime': [ '1.11.3' ],
60 silly audit   '@img/colour': [ '1.1.0' ],
60 silly audit   '@img/sharp-darwin-arm64': [ '0.35.3' ],
60 silly audit   '@img/sharp-darwin-x64': [ '0.35.3' ],
60 silly audit   '@img/sharp-freebsd-wasm32': [ '0.35.3' ],
60 silly audit   '@img/sharp-libvips-darwin-arm64': [ '1.3.2' ],
60 silly audit   '@img/sharp-libvips-darwin-x64': [ '1.3.2' ],
60 silly audit   '@img/sharp-libvips-linux-arm': [ '1.3.2' ],
60 silly audit   '@img/sharp-libvips-linux-arm64': [ '1.3.2' ],
60 silly audit   '@img/sharp-libvips-linux-ppc64': [ '1.3.2' ],
60 silly audit   '@img/sharp-libvips-linux-riscv64': [ '1.3.2' ],
60 silly audit   '@img/sharp-libvips-linux-s390x': [ '1.3.2' ],
60 silly audit   '@img/sharp-libvips-linux-x64': [ '1.3.2' ],
60 silly audit   '@img/sharp-libvips-linuxmusl-arm64': [ '1.3.2' ],
60 silly audit   '@img/sharp-libvips-linuxmusl-x64': [ '1.3.2' ],
60 silly audit   '@img/sharp-linux-arm': [ '0.35.3' ],
60 silly audit   '@img/sharp-linux-arm64': [ '0.35.3' ],
60 silly audit   '@img/sharp-linux-ppc64': [ '0.35.3' ],
60 silly audit   '@img/sharp-linux-riscv64': [ '0.35.3' ],
60 silly audit   '@img/sharp-linux-s390x': [ '0.35.3' ],
60 silly audit   '@img/sharp-linux-x64': [ '0.35.3' ],
60 silly audit   '@img/sharp-linuxmusl-arm64': [ '0.35.3' ],
60 silly audit   '@img/sharp-linuxmusl-x64': [ '0.35.3' ],
60 silly audit   '@img/sharp-wasm32': [ '0.35.3' ],
60 silly audit   '@img/sharp-webcontainers-wasm32': [ '0.35.3' ],
60 silly audit   '@img/sharp-win32-arm64': [ '0.35.3' ],
60 silly audit   '@img/sharp-win32-ia32': [ '0.35.3' ],
60 silly audit   '@img/sharp-win32-x64': [ '0.35.3' ],
60 silly audit   '@jridgewell/gen-mapping': [ '0.3.13' ],
60 silly audit   '@jridgewell/remapping': [ '2.3.5' ],
60 silly audit   '@jridgewell/resolve-uri': [ '3.1.2' ],
60 silly audit   '@jridgewell/sourcemap-codec': [ '1.5.5' ],
60 silly audit   '@jridgewell/trace-mapping': [ '0.3.31' ],
60 silly audit   '@next/env': [ '16.3.0' ],
60 silly audit   '@next/swc-darwin-arm64': [ '16.3.0' ],
60 silly audit   '@next/swc-darwin-x64': [ '16.3.0' ],
60 silly audit   '@next/swc-linux-arm64-gnu': [ '16.3.0' ],
60 silly audit   '@next/swc-linux-arm64-musl': [ '16.3.0' ],
60 silly audit   '@next/swc-linux-x64-gnu': [ '16.3.0' ],
60 silly audit   '@next/swc-linux-x64-musl': [ '16.3.0' ],
60 silly audit   '@next/swc-win32-arm64-msvc': [ '16.3.0' ],
60 silly audit   '@next/swc-win32-x64-msvc': [ '16.3.0' ],
60 silly audit   '@swc/helpers': [ '0.5.15' ],
60 silly audit   '@tailwindcss/node': [ '4.3.3' ],
60 silly audit   '@tailwindcss/oxide': [ '4.3.3' ],
60 silly audit   '@tailwindcss/oxide-android-arm64': [ '4.3.3' ],
60 silly audit   '@tailwindcss/oxide-darwin-arm64': [ '4.3.3' ],
60 silly audit   '@tailwindcss/oxide-darwin-x64': [ '4.3.3' ],
60 silly audit   '@tailwindcss/oxide-freebsd-x64': [ '4.3.3' ],
60 silly audit   '@tailwindcss/oxide-linux-arm-gnueabihf': [ '4.3.3' ],
60 silly audit   '@tailwindcss/oxide-linux-arm64-gnu': [ '4.3.3' ],
60 silly audit   '@tailwindcss/oxide-linux-arm64-musl': [ '4.3.3' ],
60 silly audit   '@tailwindcss/oxide-linux-x64-gnu': [ '4.3.3' ],
60 silly audit   '@tailwindcss/oxide-linux-x64-musl': [ '4.3.3' ],
60 silly audit   '@tailwindcss/oxide-wasm32-wasi': [ '4.3.3' ],
60 silly audit   '@tailwindcss/oxide-win32-arm64-msvc': [ '4.3.3' ],
60 silly audit   '@tailwindcss/oxide-win32-x64-msvc': [ '4.3.3' ],
60 silly audit   '@tailwindcss/postcss': [ '4.3.3' ],
60 silly audit   '@types/node': [ '26.1.2' ],
60 silly audit   '@types/react': [ '19.2.18' ],
60 silly audit   '@types/react-dom': [ '19.2.4' ],
60 silly audit   '@typescript/typescript-aix-ppc64': [ '7.0.2' ],
60 silly audit   '@typescript/typescript-darwin-arm64': [ '7.0.2' ],
60 silly audit   '@typescript/typescript-darwin-x64': [ '7.0.2' ],
60 silly audit   '@typescript/typescript-freebsd-arm64': [ '7.0.2' ],
60 silly audit   '@typescript/typescript-freebsd-x64': [ '7.0.2' ],
60 silly audit   '@typescript/typescript-linux-arm': [ '7.0.2' ],
60 silly audit   '@typescript/typescript-linux-arm64': [ '7.0.2' ],
60 silly audit   '@typescript/typescript-linux-loong64': [ '7.0.2' ],
60 silly audit   '@typescript/typescript-linux-mips64el': [ '7.0.2' ],
60 silly audit   '@typescript/typescript-linux-ppc64': [ '7.0.2' ],
60 silly audit   '@typescript/typescript-linux-riscv64': [ '7.0.2' ],
60 silly audit   '@typescript/typescript-linux-s390x': [ '7.0.2' ],
60 silly audit   '@typescript/typescript-linux-x64': [ '7.0.2' ],
60 silly audit   '@typescript/typescript-netbsd-arm64': [ '7.0.2' ],
60 silly audit   '@typescript/typescript-netbsd-x64': [ '7.0.2' ],
60 silly audit   '@typescript/typescript-openbsd-arm64': [ '7.0.2' ],
60 silly audit   '@typescript/typescript-openbsd-x64': [ '7.0.2' ],
60 silly audit   '@typescript/typescript-sunos-x64': [ '7.0.2' ],
60 silly audit   '@typescript/typescript-win32-arm64': [ '7.0.2' ],
60 silly audit   '@typescript/typescript-win32-x64': [ '7.0.2' ],
60 silly audit   autoprefixer: [ '10.5.4' ],
60 silly audit   'baseline-browser-mapping': [ '2.11.12' ],
60 silly audit   browserslist: [ '4.28.7' ],
60 silly audit   'caniuse-lite': [ '1.0.30001807' ],
60 silly audit   'client-only': [ '0.0.1' ],
60 silly audit   csstype: [ '3.2.3' ],
60 silly audit   'detect-libc': [ '2.1.2' ],
60 silly audit   'electron-to-chromium': [ '1.5.402' ],
60 silly audit   'enhanced-resolve': [ '5.24.5' ],
60 silly audit   escalade: [ '3.2.0' ],
60 silly audit   'fraction.js': [ '5.3.4' ],
60 silly audit   'graceful-fs': [ '4.2.11' ],
60 silly audit   jiti: [ '2.7.0' ],
60 silly audit   lightningcss: [ '1.32.0' ],
60 silly audit   'lightningcss-android-arm64': [ '1.32.0' ],
60 silly audit   'lightningcss-darwin-arm64': [ '1.32.0' ],
60 silly audit   'lightningcss-darwin-x64': [ '1.32.0' ],
60 silly audit   'lightningcss-freebsd-x64': [ '1.32.0' ],
60 silly audit   'lightningcss-linux-arm-gnueabihf': [ '1.32.0' ],
60 silly audit   'lightningcss-linux-arm64-gnu': [ '1.32.0' ],
60 silly audit   'lightningcss-linux-arm64-musl': [ '1.32.0' ],
60 silly audit   'lightningcss-linux-x64-gnu': [ '1.32.0' ],
60 silly audit   'lightningcss-linux-x64-musl': [ '1.32.0' ],
60 silly audit   'lightningcss-win32-arm64-msvc': [ '1.32.0' ],
60 silly audit   'lightningcss-win32-x64-msvc': [ '1.32.0' ],
60 silly audit   'lucide-react': [ '0.400.0' ],
60 silly audit   'magic-string': [ '0.30.21' ],
60 silly audit   nanoid: [ '3.3.17' ],
60 silly audit   next: [ '16.3.0' ],
60 silly audit   postcss: [ '8.5.23', '8.5.26' ],
60 silly audit   'node-releases': [ '2.0.53' ],
60 silly audit   picocolors: [ '1.1.1' ],
60 silly audit   'postcss-value-parser': [ '4.2.0' ],
60 silly audit   'react-dom': [ '19.2.8' ],
60 silly audit   scheduler: [ '0.27.0' ],
60 silly audit   semver: [ '7.8.5' ],
60 silly audit   sharp: [ '0.35.3' ],
60 silly audit   'source-map-js': [ '1.2.1' ],
60 silly audit   'styled-jsx': [ '5.1.6' ],
60 silly audit   tailwindcss: [ '4.3.3' ],
60 silly audit   tapable: [ '2.3.3' ],
60 silly audit   tslib: [ '2.8.1' ],
60 silly audit   typescript: [ '7.0.2' ],
60 silly audit   'undici-types': [ '8.3.0' ],
60 silly audit   'update-browserslist-db': [ '1.2.3' ],
60 silly audit   '@supabase/supabase-js': [ '2.112.2' ],
60 silly audit   '@supabase/auth-js': [ '2.112.2' ],
60 silly audit   '@supabase/functions-js': [ '2.112.2' ],
60 silly audit   '@supabase/postgrest-js': [ '2.112.2' ],
60 silly audit   '@supabase/realtime-js': [ '2.112.2' ],
60 silly audit   '@supabase/storage-js': [ '2.112.2' ],
60 silly audit   '@supabase/phoenix': [ '0.4.5' ],
60 silly audit   'iceberg-js': [ '0.8.1' ]
60 silly audit }
61 http cache iceberg-js@https://registry.npmjs.org/iceberg-js/-/iceberg-js-0.8.1.tgz 0ms (cache hit)
62 http cache @supabase/phoenix@https://registry.npmjs.org/@supabase/phoenix/-/phoenix-0.4.5.tgz 0ms (cache hit)
63 http cache @supabase/storage-js@https://registry.npmjs.org/@supabase/storage-js/-/storage-js-2.112.2.tgz 0ms (cache hit)
64 http cache @supabase/realtime-js@https://registry.npmjs.org/@supabase/realtime-js/-/realtime-js-2.112.2.tgz 0ms (cache hit)
65 http cache @supabase/postgrest-js@https://registry.npmjs.org/@supabase/postgrest-js/-/postgrest-js-2.112.2.tgz 0ms (cache hit)
66 silly tarball no local data for iceberg-js@https://registry.npmjs.org/iceberg-js/-/iceberg-js-0.8.1.tgz. Extracting by manifest.
67 silly tarball no local data for @supabase/phoenix@https://registry.npmjs.org/@supabase/phoenix/-/phoenix-0.4.5.tgz. Extracting by manifest.
68 silly tarball no local data for @supabase/storage-js@https://registry.npmjs.org/@supabase/storage-js/-/storage-js-2.112.2.tgz. Extracting by manifest.
69 silly tarball no local data for @supabase/realtime-js@https://registry.npmjs.org/@supabase/realtime-js/-/realtime-js-2.112.2.tgz. Extracting by manifest.
70 silly tarball no local data for @supabase/postgrest-js@https://registry.npmjs.org/@supabase/postgrest-js/-/postgrest-js-2.112.2.tgz. Extracting by manifest.
71 http cache @supabase/auth-js@https://registry.npmjs.org/@supabase/auth-js/-/auth-js-2.112.2.tgz 0ms (cache hit)
72 http cache @supabase/functions-js@https://registry.npmjs.org/@supabase/functions-js/-/functions-js-2.112.2.tgz 0ms (cache hit)
73 http cache @supabase/supabase-js@https://registry.npmjs.org/@supabase/supabase-js/-/supabase-js-2.112.2.tgz 0ms (cache hit)
74 silly tarball no local data for @supabase/auth-js@https://registry.npmjs.org/@supabase/auth-js/-/auth-js-2.112.2.tgz. Extracting by manifest.
75 silly tarball no local data for @supabase/functions-js@https://registry.npmjs.org/@supabase/functions-js/-/functions-js-2.112.2.tgz. Extracting by manifest.
76 silly tarball no local data for @supabase/supabase-js@https://registry.npmjs.org/@supabase/supabase-js/-/supabase-js-2.112.2.tgz. Extracting by manifest.
77 http fetch GET 200 https://registry.npmjs.org/iceberg-js/-/iceberg-js-0.8.1.tgz 138ms (cache miss)
78 http fetch POST 200 https://registry.npmjs.org/-/npm/v1/security/advisories/bulk 234ms
79 silly audit report {}
80 http fetch GET 200 https://registry.npmjs.org/@supabase/phoenix/-/phoenix-0.4.5.tgz 345ms (cache miss)
81 http fetch GET 200 https://registry.npmjs.org/@supabase/functions-js/-/functions-js-2.112.2.tgz 1236ms (cache miss)
82 http fetch GET 200 https://registry.npmjs.org/@supabase/storage-js/-/storage-js-2.112.2.tgz 1259ms (cache miss)
83 http fetch GET 200 https://registry.npmjs.org/@supabase/supabase-js/-/supabase-js-2.112.2.tgz 1276ms (cache miss)
84 http fetch GET 200 https://registry.npmjs.org/@supabase/postgrest-js/-/postgrest-js-2.112.2.tgz 1293ms (cache miss)
85 http fetch GET 200 https://registry.npmjs.org/@supabase/realtime-js/-/realtime-js-2.112.2.tgz 1762ms (cache miss)
86 http fetch GET 200 https://registry.npmjs.org/@supabase/auth-js/-/auth-js-2.112.2.tgz 2229ms (cache miss)
87 silly ADD node_modules/iceberg-js
88 silly ADD node_modules/@supabase/phoenix
89 silly ADD node_modules/@supabase/storage-js
90 silly ADD node_modules/@supabase/realtime-js
91 silly ADD node_modules/@supabase/postgrest-js
92 silly ADD node_modules/@supabase/functions-js
93 silly ADD node_modules/@supabase/auth-js
94 silly ADD node_modules/@supabase/supabase-js
95 verbose cwd C:\Users\franp\menuMuestra
96 verbose os Windows_NT 10.0.26200
97 verbose node v24.13.0
98 verbose npm  v11.6.2
99 verbose exit 0
100 info ok
