0 verbose cli C:\node.exe C:\node_modules\npm\bin\npm-cli.js
1 info using npm@11.6.2
2 info using node@v24.13.0
3 silly config load:file:C:\node_modules\npm\npmrc
4 silly config load:file:C:\Users\franp\menuMuestra\.npmrc
5 silly config load:file:C:\Users\franp\.npmrc
6 silly config load:file:C:\Users\franp\menuMuestra\%AppData%\npm\etc\npmrc
7 verbose title npm install @tailwindcss/postcss postcss
8 verbose argv "install" "--save-dev" "@tailwindcss/postcss" "postcss"
9 verbose logfile logs-max:10 dir:C:\Users\franp\menuMuestra\%AppData%\npm-cache\_logs\2026-08-06T15_27_39_550Z-
10 verbose logfile C:\Users\franp\menuMuestra\%AppData%\npm-cache\_logs\2026-08-06T15_27_39_550Z-debug-0.log
11 silly logfile done cleaning log files
12 silly packumentCache heap:2348810240 maxSize:587202560 maxEntrySize:293601280
13 silly idealTree buildDeps
14 silly fetch manifest postcss@latest
15 silly packumentCache full:https://registry.npmjs.org/postcss cache-miss
16 verbose shrinkwrap failed to load node_modules/.package-lock.json missing from node_modules: node_modules/.pnpm/lucide-react@1.28.0_react@19.2.8
17 http fetch GET 200 https://registry.npmjs.org/postcss 214ms (cache revalidated)
18 silly packumentCache full:https://registry.npmjs.org/postcss set size:760024 disposed:false
19 silly fetch manifest @tailwindcss/postcss@*
20 silly packumentCache full:https://registry.npmjs.org/@tailwindcss%2fpostcss cache-miss
21 http fetch GET 200 https://registry.npmjs.org/@tailwindcss%2fpostcss 117ms (cache miss)
22 silly packumentCache full:https://registry.npmjs.org/@tailwindcss%2fpostcss set size:undefined disposed:false
23 silly placeDep ROOT @tailwindcss/postcss@4.3.3 OK for: menu-muestra@0.1.0 want: *
24 silly placeDep ROOT postcss@8.5.26 REPLACE for: menu-muestra@0.1.0 want: latest
25 silly fetch manifest @alloc/quick-lru@^5.2.0
26 silly packumentCache full:https://registry.npmjs.org/@alloc%2fquick-lru cache-miss
27 silly fetch manifest @tailwindcss/node@4.3.3
28 silly packumentCache full:https://registry.npmjs.org/@tailwindcss%2fnode cache-miss
29 silly fetch manifest @tailwindcss/oxide@4.3.3
30 silly packumentCache full:https://registry.npmjs.org/@tailwindcss%2foxide cache-miss
31 http fetch GET 200 https://registry.npmjs.org/@tailwindcss%2fnode 201ms (cache miss)
32 silly packumentCache full:https://registry.npmjs.org/@tailwindcss%2fnode set size:undefined disposed:false
33 http fetch GET 200 https://registry.npmjs.org/@tailwindcss%2foxide 238ms (cache miss)
34 silly packumentCache full:https://registry.npmjs.org/@tailwindcss%2foxide set size:undefined disposed:false
35 http fetch GET 200 https://registry.npmjs.org/@alloc%2fquick-lru 270ms (cache miss)
36 silly packumentCache full:https://registry.npmjs.org/@alloc%2fquick-lru set size:undefined disposed:false
37 silly placeDep ROOT @alloc/quick-lru@5.2.0 OK for: @tailwindcss/postcss@4.3.3 want: ^5.2.0
38 silly placeDep ROOT @tailwindcss/node@4.3.3 OK for: @tailwindcss/postcss@4.3.3 want: 4.3.3
39 silly placeDep ROOT @tailwindcss/oxide@4.3.3 OK for: @tailwindcss/postcss@4.3.3 want: 4.3.3
40 silly fetch manifest jiti@^2.7.0
41 silly packumentCache full:https://registry.npmjs.org/jiti cache-miss
42 silly fetch manifest lightningcss@1.32.0
43 silly packumentCache full:https://registry.npmjs.org/lightningcss cache-miss
44 silly fetch manifest magic-string@^0.30.21
45 silly packumentCache full:https://registry.npmjs.org/magic-string cache-miss
46 silly fetch manifest enhanced-resolve@^5.24.1
47 silly packumentCache full:https://registry.npmjs.org/enhanced-resolve cache-miss
48 silly fetch manifest @jridgewell/remapping@^2.3.5
49 silly packumentCache full:https://registry.npmjs.org/@jridgewell%2fremapping cache-miss
50 silly fetch manifest @tailwindcss/oxide-darwin-x64@4.3.3
51 silly packumentCache full:https://registry.npmjs.org/@tailwindcss%2foxide-darwin-x64 cache-miss
52 silly fetch manifest @tailwindcss/oxide-freebsd-x64@4.3.3
53 silly packumentCache full:https://registry.npmjs.org/@tailwindcss%2foxide-freebsd-x64 cache-miss
54 http fetch GET 200 https://registry.npmjs.org/enhanced-resolve 109ms (cache miss)
55 silly packumentCache full:https://registry.npmjs.org/enhanced-resolve set size:undefined disposed:false
56 silly fetch manifest @tailwindcss/oxide-wasm32-wasi@4.3.3
57 silly packumentCache full:https://registry.npmjs.org/@tailwindcss%2foxide-wasm32-wasi cache-miss
58 http fetch GET 200 https://registry.npmjs.org/magic-string 116ms (cache revalidated)
59 silly packumentCache full:https://registry.npmjs.org/magic-string set size:336545 disposed:false
60 silly fetch manifest @tailwindcss/oxide-darwin-arm64@4.3.3
61 silly packumentCache full:https://registry.npmjs.org/@tailwindcss%2foxide-darwin-arm64 cache-miss
62 http fetch GET 200 https://registry.npmjs.org/lightningcss 150ms (cache revalidated)
63 silly packumentCache full:https://registry.npmjs.org/lightningcss set size:191065 disposed:false
64 silly fetch manifest @tailwindcss/oxide-android-arm64@4.3.3
65 silly packumentCache full:https://registry.npmjs.org/@tailwindcss%2foxide-android-arm64 cache-miss
66 http fetch GET 200 https://registry.npmjs.org/@tailwindcss%2foxide-darwin-x64 176ms (cache miss)
67 silly packumentCache full:https://registry.npmjs.org/@tailwindcss%2foxide-darwin-x64 set size:undefined disposed:false
68 silly fetch manifest @tailwindcss/oxide-linux-x64-gnu@4.3.3
69 silly packumentCache full:https://registry.npmjs.org/@tailwindcss%2foxide-linux-x64-gnu cache-miss
70 http fetch GET 200 https://registry.npmjs.org/@tailwindcss%2foxide-freebsd-x64 194ms (cache miss)
71 silly packumentCache full:https://registry.npmjs.org/@tailwindcss%2foxide-freebsd-x64 set size:undefined disposed:false
72 silly fetch manifest @tailwindcss/oxide-linux-x64-musl@4.3.3
73 silly packumentCache full:https://registry.npmjs.org/@tailwindcss%2foxide-linux-x64-musl cache-miss
74 http fetch GET 200 https://registry.npmjs.org/@jridgewell%2fremapping 228ms (cache revalidated)
75 silly packumentCache full:https://registry.npmjs.org/@jridgewell%2fremapping set size:23809 disposed:false
76 silly fetch manifest @tailwindcss/oxide-win32-x64-msvc@4.3.3
77 silly packumentCache full:https://registry.npmjs.org/@tailwindcss%2foxide-win32-x64-msvc cache-miss
78 http fetch GET 200 https://registry.npmjs.org/jiti 233ms (cache revalidated)
79 silly packumentCache full:https://registry.npmjs.org/jiti set size:387989 disposed:false
80 silly fetch manifest @tailwindcss/oxide-linux-arm64-gnu@4.3.3
81 silly packumentCache full:https://registry.npmjs.org/@tailwindcss%2foxide-linux-arm64-gnu cache-miss
82 http fetch GET 200 https://registry.npmjs.org/@tailwindcss%2foxide-darwin-arm64 144ms (cache miss)
83 silly packumentCache full:https://registry.npmjs.org/@tailwindcss%2foxide-darwin-arm64 set size:undefined disposed:false
84 silly fetch manifest @tailwindcss/oxide-linux-arm64-musl@4.3.3
85 silly packumentCache full:https://registry.npmjs.org/@tailwindcss%2foxide-linux-arm64-musl cache-miss
86 http fetch GET 200 https://registry.npmjs.org/@tailwindcss%2foxide-linux-x64-gnu 143ms (cache miss)
87 silly packumentCache full:https://registry.npmjs.org/@tailwindcss%2foxide-linux-x64-gnu set size:undefined disposed:false
88 silly fetch manifest @tailwindcss/oxide-win32-arm64-msvc@4.3.3
89 silly packumentCache full:https://registry.npmjs.org/@tailwindcss%2foxide-win32-arm64-msvc cache-miss
90 http fetch GET 200 https://registry.npmjs.org/@tailwindcss%2foxide-win32-x64-msvc 155ms (cache miss)
91 silly packumentCache full:https://registry.npmjs.org/@tailwindcss%2foxide-win32-x64-msvc set size:undefined disposed:false
92 silly fetch manifest @tailwindcss/oxide-linux-arm-gnueabihf@4.3.3
93 silly packumentCache full:https://registry.npmjs.org/@tailwindcss%2foxide-linux-arm-gnueabihf cache-miss
94 http fetch GET 200 https://registry.npmjs.org/@tailwindcss%2foxide-linux-x64-musl 209ms (cache miss)
95 silly packumentCache full:https://registry.npmjs.org/@tailwindcss%2foxide-linux-x64-musl set size:undefined disposed:false
96 http fetch GET 200 https://registry.npmjs.org/@tailwindcss%2foxide-android-arm64 310ms (cache miss)
97 silly packumentCache full:https://registry.npmjs.org/@tailwindcss%2foxide-android-arm64 set size:undefined disposed:false
98 http fetch GET 200 https://registry.npmjs.org/@tailwindcss%2foxide-win32-arm64-msvc 149ms (cache miss)
99 silly packumentCache full:https://registry.npmjs.org/@tailwindcss%2foxide-win32-arm64-msvc set size:undefined disposed:false
100 http fetch GET 200 https://registry.npmjs.org/@tailwindcss%2foxide-linux-arm64-gnu 278ms (cache miss)
101 silly packumentCache full:https://registry.npmjs.org/@tailwindcss%2foxide-linux-arm64-gnu set size:undefined disposed:false
102 http fetch GET 200 https://registry.npmjs.org/@tailwindcss%2foxide-linux-arm-gnueabihf 155ms (cache miss)
103 silly packumentCache full:https://registry.npmjs.org/@tailwindcss%2foxide-linux-arm-gnueabihf set size:undefined disposed:false
104 http fetch GET 200 https://registry.npmjs.org/@tailwindcss%2foxide-wasm32-wasi 470ms (cache miss)
105 silly packumentCache full:https://registry.npmjs.org/@tailwindcss%2foxide-wasm32-wasi set size:undefined disposed:false
106 http fetch GET 200 https://registry.npmjs.org/@tailwindcss%2foxide-linux-arm64-musl 417ms (cache miss)
107 silly packumentCache full:https://registry.npmjs.org/@tailwindcss%2foxide-linux-arm64-musl set size:undefined disposed:false
108 silly placeDep ROOT @jridgewell/remapping@2.3.5 OK for: @tailwindcss/node@4.3.3 want: ^2.3.5
109 silly placeDep ROOT enhanced-resolve@5.24.5 OK for: @tailwindcss/node@4.3.3 want: ^5.24.1
110 silly placeDep ROOT jiti@2.7.0 OK for: @tailwindcss/node@4.3.3 want: ^2.7.0
111 silly placeDep ROOT lightningcss@1.32.0 OK for: @tailwindcss/node@4.3.3 want: 1.32.0
112 silly placeDep ROOT magic-string@0.30.21 OK for: @tailwindcss/node@4.3.3 want: ^0.30.21
113 silly fetch manifest @jridgewell/gen-mapping@^0.3.5
114 silly packumentCache full:https://registry.npmjs.org/@jridgewell%2fgen-mapping cache-miss
115 silly fetch manifest @jridgewell/trace-mapping@^0.3.24
116 silly packumentCache full:https://registry.npmjs.org/@jridgewell%2ftrace-mapping cache-miss
117 silly fetch manifest tapable@^2.3.3
118 silly packumentCache full:https://registry.npmjs.org/tapable cache-miss
119 silly fetch manifest graceful-fs@^4.2.4
120 silly packumentCache full:https://registry.npmjs.org/graceful-fs cache-miss
121 silly fetch manifest lightningcss-darwin-x64@1.32.0
122 silly packumentCache full:https://registry.npmjs.org/lightningcss-darwin-x64 cache-miss
123 silly fetch manifest lightningcss-freebsd-x64@1.32.0
124 silly packumentCache full:https://registry.npmjs.org/lightningcss-freebsd-x64 cache-miss
125 silly fetch manifest lightningcss-darwin-arm64@1.32.0
126 silly packumentCache full:https://registry.npmjs.org/lightningcss-darwin-arm64 cache-miss
127 http fetch GET 200 https://registry.npmjs.org/tapable 57ms (cache miss)
128 silly packumentCache full:https://registry.npmjs.org/tapable set size:undefined disposed:false
129 silly fetch manifest lightningcss-android-arm64@1.32.0
130 silly packumentCache full:https://registry.npmjs.org/lightningcss-android-arm64 cache-miss
131 http fetch GET 200 https://registry.npmjs.org/lightningcss-freebsd-x64 63ms (cache miss)
132 silly packumentCache full:https://registry.npmjs.org/lightningcss-freebsd-x64 set size:undefined disposed:false
133 silly fetch manifest lightningcss-linux-x64-gnu@1.32.0
134 silly packumentCache full:https://registry.npmjs.org/lightningcss-linux-x64-gnu cache-miss
135 http fetch GET 200 https://registry.npmjs.org/lightningcss-darwin-arm64 67ms (cache miss)
136 silly packumentCache full:https://registry.npmjs.org/lightningcss-darwin-arm64 set size:undefined disposed:false
137 silly fetch manifest lightningcss-linux-x64-musl@1.32.0
138 silly packumentCache full:https://registry.npmjs.org/lightningcss-linux-x64-musl cache-miss
139 http fetch GET 200 https://registry.npmjs.org/lightningcss-darwin-x64 74ms (cache miss)
140 silly packumentCache full:https://registry.npmjs.org/lightningcss-darwin-x64 set size:undefined disposed:false
141 silly fetch manifest lightningcss-win32-x64-msvc@1.32.0
142 silly packumentCache full:https://registry.npmjs.org/lightningcss-win32-x64-msvc cache-miss
143 http fetch GET 200 https://registry.npmjs.org/graceful-fs 86ms (cache miss)
144 silly packumentCache full:https://registry.npmjs.org/graceful-fs set size:undefined disposed:false
145 silly fetch manifest lightningcss-linux-arm64-gnu@1.32.0
146 silly packumentCache full:https://registry.npmjs.org/lightningcss-linux-arm64-gnu cache-miss
147 http fetch GET 200 https://registry.npmjs.org/@jridgewell%2fgen-mapping 95ms (cache revalidated)
148 silly packumentCache full:https://registry.npmjs.org/@jridgewell%2fgen-mapping set size:75941 disposed:false
149 silly fetch manifest lightningcss-linux-arm64-musl@1.32.0
150 silly packumentCache full:https://registry.npmjs.org/lightningcss-linux-arm64-musl cache-miss
151 http fetch GET 200 https://registry.npmjs.org/@jridgewell%2ftrace-mapping 112ms (cache revalidated)
152 silly packumentCache full:https://registry.npmjs.org/@jridgewell%2ftrace-mapping set size:170909 disposed:false
153 silly fetch manifest lightningcss-win32-arm64-msvc@1.32.0
154 silly packumentCache full:https://registry.npmjs.org/lightningcss-win32-arm64-msvc cache-miss
155 http fetch GET 200 https://registry.npmjs.org/lightningcss-linux-x64-gnu 65ms (cache miss)
156 silly packumentCache full:https://registry.npmjs.org/lightningcss-linux-x64-gnu set size:undefined disposed:false
157 silly fetch manifest lightningcss-linux-arm-gnueabihf@1.32.0
158 silly packumentCache full:https://registry.npmjs.org/lightningcss-linux-arm-gnueabihf cache-miss
159 http fetch GET 200 https://registry.npmjs.org/lightningcss-linux-x64-musl 69ms (cache miss)
160 silly packumentCache full:https://registry.npmjs.org/lightningcss-linux-x64-musl set size:undefined disposed:false
161 silly fetch manifest @jridgewell/sourcemap-codec@^1.5.5
162 silly packumentCache full:https://registry.npmjs.org/@jridgewell%2fsourcemap-codec cache-miss
163 http fetch GET 200 https://registry.npmjs.org/lightningcss-win32-x64-msvc 82ms (cache miss)
164 silly packumentCache full:https://registry.npmjs.org/lightningcss-win32-x64-msvc set size:undefined disposed:false
165 http fetch GET 200 https://registry.npmjs.org/lightningcss-linux-arm64-gnu 84ms (cache miss)
166 silly packumentCache full:https://registry.npmjs.org/lightningcss-linux-arm64-gnu set size:undefined disposed:false
167 http fetch GET 200 https://registry.npmjs.org/lightningcss-linux-arm64-musl 86ms (cache miss)
168 silly packumentCache full:https://registry.npmjs.org/lightningcss-linux-arm64-musl set size:undefined disposed:false
169 http fetch GET 200 https://registry.npmjs.org/lightningcss-win32-arm64-msvc 84ms (cache miss)
170 silly packumentCache full:https://registry.npmjs.org/lightningcss-win32-arm64-msvc set size:undefined disposed:false
171 http fetch GET 200 https://registry.npmjs.org/lightningcss-linux-arm-gnueabihf 73ms (cache miss)
172 silly packumentCache full:https://registry.npmjs.org/lightningcss-linux-arm-gnueabihf set size:undefined disposed:false
173 http fetch GET 200 https://registry.npmjs.org/@jridgewell%2fsourcemap-codec 91ms (cache revalidated)
174 silly packumentCache full:https://registry.npmjs.org/@jridgewell%2fsourcemap-codec set size:51856 disposed:false
175 http fetch GET 200 https://registry.npmjs.org/lightningcss-android-arm64 180ms (cache miss)
176 silly packumentCache full:https://registry.npmjs.org/lightningcss-android-arm64 set size:undefined disposed:false
177 silly placeDep ROOT @jridgewell/gen-mapping@0.3.13 OK for: @jridgewell/remapping@2.3.5 want: ^0.3.5
178 silly placeDep ROOT @jridgewell/trace-mapping@0.3.31 OK for: @jridgewell/remapping@2.3.5 want: ^0.3.24
179 silly fetch manifest @jridgewell/sourcemap-codec@^1.5.0
180 silly packumentCache full:https://registry.npmjs.org/@jridgewell%2fsourcemap-codec cache-hit
181 silly fetch manifest @jridgewell/resolve-uri@^3.1.0
182 silly packumentCache full:https://registry.npmjs.org/@jridgewell%2fresolve-uri cache-miss
183 silly fetch manifest @jridgewell/sourcemap-codec@^1.4.14
184 silly packumentCache full:https://registry.npmjs.org/@jridgewell%2fsourcemap-codec cache-hit
185 http fetch GET 200 https://registry.npmjs.org/@jridgewell%2fresolve-uri 45ms (cache revalidated)
186 silly packumentCache full:https://registry.npmjs.org/@jridgewell%2fresolve-uri set size:57361 disposed:false
187 silly placeDep ROOT @jridgewell/sourcemap-codec@1.5.5 OK for: @jridgewell/gen-mapping@0.3.13 want: ^1.5.0
188 silly placeDep ROOT @jridgewell/resolve-uri@3.1.2 OK for: @jridgewell/trace-mapping@0.3.31 want: ^3.1.0
189 silly placeDep ROOT @tailwindcss/oxide-android-arm64@4.3.3 OK for: @tailwindcss/oxide@4.3.3 want: 4.3.3
190 silly placeDep ROOT @tailwindcss/oxide-darwin-arm64@4.3.3 OK for: @tailwindcss/oxide@4.3.3 want: 4.3.3
191 silly placeDep ROOT @tailwindcss/oxide-darwin-x64@4.3.3 OK for: @tailwindcss/oxide@4.3.3 want: 4.3.3
192 silly placeDep ROOT @tailwindcss/oxide-freebsd-x64@4.3.3 OK for: @tailwindcss/oxide@4.3.3 want: 4.3.3
193 silly placeDep ROOT @tailwindcss/oxide-linux-arm-gnueabihf@4.3.3 OK for: @tailwindcss/oxide@4.3.3 want: 4.3.3
194 silly placeDep ROOT @tailwindcss/oxide-linux-arm64-gnu@4.3.3 OK for: @tailwindcss/oxide@4.3.3 want: 4.3.3
195 silly placeDep ROOT @tailwindcss/oxide-linux-arm64-musl@4.3.3 OK for: @tailwindcss/oxide@4.3.3 want: 4.3.3
196 silly placeDep ROOT @tailwindcss/oxide-linux-x64-gnu@4.3.3 OK for: @tailwindcss/oxide@4.3.3 want: 4.3.3
197 silly placeDep ROOT @tailwindcss/oxide-linux-x64-musl@4.3.3 OK for: @tailwindcss/oxide@4.3.3 want: 4.3.3
198 silly placeDep ROOT @tailwindcss/oxide-wasm32-wasi@4.3.3 OK for: @tailwindcss/oxide@4.3.3 want: 4.3.3
199 silly placeDep ROOT @tailwindcss/oxide-win32-arm64-msvc@4.3.3 OK for: @tailwindcss/oxide@4.3.3 want: 4.3.3
200 silly placeDep ROOT @tailwindcss/oxide-win32-x64-msvc@4.3.3 OK for: @tailwindcss/oxide@4.3.3 want: 4.3.3
201 silly placeDep ROOT graceful-fs@4.2.11 OK for: enhanced-resolve@5.24.5 want: ^4.2.4
202 silly placeDep ROOT tapable@2.3.3 OK for: enhanced-resolve@5.24.5 want: ^2.3.3
203 silly placeDep ROOT lightningcss-android-arm64@1.32.0 OK for: lightningcss@1.32.0 want: 1.32.0
204 silly placeDep ROOT lightningcss-darwin-arm64@1.32.0 OK for: lightningcss@1.32.0 want: 1.32.0
205 silly placeDep ROOT lightningcss-darwin-x64@1.32.0 OK for: lightningcss@1.32.0 want: 1.32.0
206 silly placeDep ROOT lightningcss-freebsd-x64@1.32.0 OK for: lightningcss@1.32.0 want: 1.32.0
207 silly placeDep ROOT lightningcss-linux-arm-gnueabihf@1.32.0 OK for: lightningcss@1.32.0 want: 1.32.0
208 silly placeDep ROOT lightningcss-linux-arm64-gnu@1.32.0 OK for: lightningcss@1.32.0 want: 1.32.0
209 silly placeDep ROOT lightningcss-linux-arm64-musl@1.32.0 OK for: lightningcss@1.32.0 want: 1.32.0
210 silly placeDep ROOT lightningcss-linux-x64-gnu@1.32.0 OK for: lightningcss@1.32.0 want: 1.32.0
211 silly placeDep ROOT lightningcss-linux-x64-musl@1.32.0 OK for: lightningcss@1.32.0 want: 1.32.0
212 silly placeDep ROOT lightningcss-win32-arm64-msvc@1.32.0 OK for: lightningcss@1.32.0 want: 1.32.0
213 silly placeDep ROOT lightningcss-win32-x64-msvc@1.32.0 OK for: lightningcss@1.32.0 want: 1.32.0
214 silly reify moves {}
215 silly audit bulk request {
215 silly audit   react: [ '19.2.8' ],
215 silly audit   '@emnapi/runtime': [ '1.11.3' ],
215 silly audit   '@img/colour': [ '1.1.0' ],
215 silly audit   '@img/sharp-darwin-arm64': [ '0.35.3' ],
215 silly audit   '@img/sharp-darwin-x64': [ '0.35.3' ],
215 silly audit   '@img/sharp-freebsd-wasm32': [ '0.35.3' ],
215 silly audit   '@img/sharp-libvips-darwin-arm64': [ '1.3.2' ],
215 silly audit   '@img/sharp-libvips-darwin-x64': [ '1.3.2' ],
215 silly audit   '@img/sharp-libvips-linux-arm': [ '1.3.2' ],
215 silly audit   '@img/sharp-libvips-linux-arm64': [ '1.3.2' ],
215 silly audit   '@img/sharp-libvips-linux-ppc64': [ '1.3.2' ],
215 silly audit   '@img/sharp-libvips-linux-riscv64': [ '1.3.2' ],
215 silly audit   '@img/sharp-libvips-linux-s390x': [ '1.3.2' ],
215 silly audit   '@img/sharp-libvips-linux-x64': [ '1.3.2' ],
215 silly audit   '@img/sharp-libvips-linuxmusl-arm64': [ '1.3.2' ],
215 silly audit   '@img/sharp-libvips-linuxmusl-x64': [ '1.3.2' ],
215 silly audit   '@img/sharp-linux-arm': [ '0.35.3' ],
215 silly audit   '@img/sharp-linux-arm64': [ '0.35.3' ],
215 silly audit   '@img/sharp-linux-ppc64': [ '0.35.3' ],
215 silly audit   '@img/sharp-linux-riscv64': [ '0.35.3' ],
215 silly audit   '@img/sharp-linux-s390x': [ '0.35.3' ],
215 silly audit   '@img/sharp-linux-x64': [ '0.35.3' ],
215 silly audit   '@img/sharp-linuxmusl-arm64': [ '0.35.3' ],
215 silly audit   '@img/sharp-linuxmusl-x64': [ '0.35.3' ],
215 silly audit   '@img/sharp-wasm32': [ '0.35.3' ],
215 silly audit   '@img/sharp-webcontainers-wasm32': [ '0.35.3' ],
215 silly audit   '@img/sharp-win32-arm64': [ '0.35.3' ],
215 silly audit   '@img/sharp-win32-ia32': [ '0.35.3' ],
215 silly audit   '@img/sharp-win32-x64': [ '0.35.3' ],
215 silly audit   '@next/env': [ '16.3.0' ],
215 silly audit   '@next/swc-darwin-arm64': [ '16.3.0' ],
215 silly audit   '@next/swc-darwin-x64': [ '16.3.0' ],
215 silly audit   '@next/swc-linux-arm64-gnu': [ '16.3.0' ],
215 silly audit   '@next/swc-linux-arm64-musl': [ '16.3.0' ],
215 silly audit   '@next/swc-linux-x64-gnu': [ '16.3.0' ],
215 silly audit   '@next/swc-linux-x64-musl': [ '16.3.0' ],
215 silly audit   '@next/swc-win32-arm64-msvc': [ '16.3.0' ],
215 silly audit   '@next/swc-win32-x64-msvc': [ '16.3.0' ],
215 silly audit   '@swc/helpers': [ '0.5.15' ],
215 silly audit   '@types/node': [ '26.1.2' ],
215 silly audit   '@types/react': [ '19.2.18' ],
215 silly audit   '@types/react-dom': [ '19.2.4' ],
215 silly audit   '@typescript/typescript-aix-ppc64': [ '7.0.2' ],
215 silly audit   '@typescript/typescript-darwin-arm64': [ '7.0.2' ],
215 silly audit   '@typescript/typescript-darwin-x64': [ '7.0.2' ],
215 silly audit   '@typescript/typescript-freebsd-arm64': [ '7.0.2' ],
215 silly audit   '@typescript/typescript-freebsd-x64': [ '7.0.2' ],
215 silly audit   '@typescript/typescript-linux-arm': [ '7.0.2' ],
215 silly audit   '@typescript/typescript-linux-arm64': [ '7.0.2' ],
215 silly audit   '@typescript/typescript-linux-loong64': [ '7.0.2' ],
215 silly audit   '@typescript/typescript-linux-mips64el': [ '7.0.2' ],
215 silly audit   '@typescript/typescript-linux-ppc64': [ '7.0.2' ],
215 silly audit   '@typescript/typescript-linux-riscv64': [ '7.0.2' ],
215 silly audit   '@typescript/typescript-linux-s390x': [ '7.0.2' ],
215 silly audit   '@typescript/typescript-linux-x64': [ '7.0.2' ],
215 silly audit   '@typescript/typescript-netbsd-arm64': [ '7.0.2' ],
215 silly audit   '@typescript/typescript-netbsd-x64': [ '7.0.2' ],
215 silly audit   '@typescript/typescript-openbsd-arm64': [ '7.0.2' ],
215 silly audit   '@typescript/typescript-openbsd-x64': [ '7.0.2' ],
215 silly audit   '@typescript/typescript-sunos-x64': [ '7.0.2' ],
215 silly audit   '@typescript/typescript-win32-arm64': [ '7.0.2' ],
215 silly audit   '@typescript/typescript-win32-x64': [ '7.0.2' ],
215 silly audit   autoprefixer: [ '10.5.4' ],
215 silly audit   'baseline-browser-mapping': [ '2.11.12' ],
215 silly audit   browserslist: [ '4.28.7' ],
215 silly audit   'caniuse-lite': [ '1.0.30001807' ],
215 silly audit   'client-only': [ '0.0.1' ],
215 silly audit   csstype: [ '3.2.3' ],
215 silly audit   'detect-libc': [ '2.1.2' ],
215 silly audit   'electron-to-chromium': [ '1.5.402' ],
215 silly audit   escalade: [ '3.2.0' ],
215 silly audit   'fraction.js': [ '5.3.4' ],
215 silly audit   'lucide-react': [ '0.400.0' ],
215 silly audit   nanoid: [ '3.3.17' ],
215 silly audit   next: [ '16.3.0' ],
215 silly audit   postcss: [ '8.5.23', '8.5.26' ],
215 silly audit   'node-releases': [ '2.0.53' ],
215 silly audit   picocolors: [ '1.1.1' ],
215 silly audit   'postcss-value-parser': [ '4.2.0' ],
215 silly audit   'react-dom': [ '19.2.8' ],
215 silly audit   scheduler: [ '0.27.0' ],
215 silly audit   semver: [ '7.8.5' ],
215 silly audit   sharp: [ '0.35.3' ],
215 silly audit   'source-map-js': [ '1.2.1' ],
215 silly audit   'styled-jsx': [ '5.1.6' ],
215 silly audit   tailwindcss: [ '4.3.3' ],
215 silly audit   tslib: [ '2.8.1' ],
215 silly audit   typescript: [ '7.0.2' ],
215 silly audit   'undici-types': [ '8.3.0' ],
215 silly audit   'update-browserslist-db': [ '1.2.3' ],
215 silly audit   '@tailwindcss/postcss': [ '4.3.3' ],
215 silly audit   '@alloc/quick-lru': [ '5.2.0' ],
215 silly audit   '@tailwindcss/node': [ '4.3.3' ],
215 silly audit   '@tailwindcss/oxide': [ '4.3.3' ],
215 silly audit   '@jridgewell/remapping': [ '2.3.5' ],
215 silly audit   'enhanced-resolve': [ '5.24.5' ],
215 silly audit   jiti: [ '2.7.0' ],
215 silly audit   lightningcss: [ '1.32.0' ],
215 silly audit   'magic-string': [ '0.30.21' ],
215 silly audit   '@jridgewell/gen-mapping': [ '0.3.13' ],
215 silly audit   '@jridgewell/trace-mapping': [ '0.3.31' ],
215 silly audit   '@jridgewell/sourcemap-codec': [ '1.5.5' ],
215 silly audit   '@jridgewell/resolve-uri': [ '3.1.2' ],
215 silly audit   '@tailwindcss/oxide-android-arm64': [ '4.3.3' ],
215 silly audit   '@tailwindcss/oxide-darwin-arm64': [ '4.3.3' ],
215 silly audit   '@tailwindcss/oxide-darwin-x64': [ '4.3.3' ],
215 silly audit   '@tailwindcss/oxide-freebsd-x64': [ '4.3.3' ],
215 silly audit   '@tailwindcss/oxide-linux-arm-gnueabihf': [ '4.3.3' ],
215 silly audit   '@tailwindcss/oxide-linux-arm64-gnu': [ '4.3.3' ],
215 silly audit   '@tailwindcss/oxide-linux-arm64-musl': [ '4.3.3' ],
215 silly audit   '@tailwindcss/oxide-linux-x64-gnu': [ '4.3.3' ],
215 silly audit   '@tailwindcss/oxide-linux-x64-musl': [ '4.3.3' ],
215 silly audit   '@tailwindcss/oxide-wasm32-wasi': [ '4.3.3' ],
215 silly audit   '@tailwindcss/oxide-win32-arm64-msvc': [ '4.3.3' ],
215 silly audit   '@tailwindcss/oxide-win32-x64-msvc': [ '4.3.3' ],
215 silly audit   'graceful-fs': [ '4.2.11' ],
215 silly audit   tapable: [ '2.3.3' ],
215 silly audit   'lightningcss-android-arm64': [ '1.32.0' ],
215 silly audit   'lightningcss-darwin-arm64': [ '1.32.0' ],
215 silly audit   'lightningcss-darwin-x64': [ '1.32.0' ],
215 silly audit   'lightningcss-freebsd-x64': [ '1.32.0' ],
215 silly audit   'lightningcss-linux-arm-gnueabihf': [ '1.32.0' ],
215 silly audit   'lightningcss-linux-arm64-gnu': [ '1.32.0' ],
215 silly audit   'lightningcss-linux-arm64-musl': [ '1.32.0' ],
215 silly audit   'lightningcss-linux-x64-gnu': [ '1.32.0' ],
215 silly audit   'lightningcss-linux-x64-musl': [ '1.32.0' ],
215 silly audit   'lightningcss-win32-arm64-msvc': [ '1.32.0' ],
215 silly audit   'lightningcss-win32-x64-msvc': [ '1.32.0' ]
215 silly audit }
216 http cache lightningcss-win32-x64-msvc@https://registry.npmjs.org/lightningcss-win32-x64-msvc/-/lightningcss-win32-x64-msvc-1.32.0.tgz 0ms (cache hit)
217 http cache tapable@https://registry.npmjs.org/tapable/-/tapable-2.3.3.tgz 1ms (cache hit)
218 http cache @jridgewell/sourcemap-codec@https://registry.npmjs.org/@jridgewell/sourcemap-codec/-/sourcemap-codec-1.5.5.tgz 0ms (cache hit)
219 http cache @tailwindcss/oxide-win32-x64-msvc@https://registry.npmjs.org/@tailwindcss/oxide-win32-x64-msvc/-/oxide-win32-x64-msvc-4.3.3.tgz 0ms (cache hit)
220 http cache @jridgewell/trace-mapping@https://registry.npmjs.org/@jridgewell/trace-mapping/-/trace-mapping-0.3.31.tgz 0ms (cache hit)
221 http cache graceful-fs@https://registry.npmjs.org/graceful-fs/-/graceful-fs-4.2.11.tgz 0ms (cache hit)
222 http cache @jridgewell/resolve-uri@https://registry.npmjs.org/@jridgewell/resolve-uri/-/resolve-uri-3.1.2.tgz 0ms (cache hit)
223 http cache magic-string@https://registry.npmjs.org/magic-string/-/magic-string-0.30.21.tgz 0ms (cache hit)
224 http cache lightningcss@https://registry.npmjs.org/lightningcss/-/lightningcss-1.32.0.tgz 0ms (cache hit)
225 http cache @jridgewell/gen-mapping@https://registry.npmjs.org/@jridgewell/gen-mapping/-/gen-mapping-0.3.13.tgz 0ms (cache hit)
226 http cache enhanced-resolve@https://registry.npmjs.org/enhanced-resolve/-/enhanced-resolve-5.24.5.tgz 0ms (cache hit)
227 http cache @jridgewell/remapping@https://registry.npmjs.org/@jridgewell/remapping/-/remapping-2.3.5.tgz 0ms (cache hit)
228 http cache @tailwindcss/node@https://registry.npmjs.org/@tailwindcss/node/-/node-4.3.3.tgz 0ms (cache hit)
229 http cache jiti@https://registry.npmjs.org/jiti/-/jiti-2.7.0.tgz 0ms (cache hit)
230 silly tarball no local data for lightningcss-win32-x64-msvc@https://registry.npmjs.org/lightningcss-win32-x64-msvc/-/lightningcss-win32-x64-msvc-1.32.0.tgz. Extracting by manifest.
231 silly tarball no local data for tapable@https://registry.npmjs.org/tapable/-/tapable-2.3.3.tgz. Extracting by manifest.
232 silly tarball no local data for @jridgewell/sourcemap-codec@https://registry.npmjs.org/@jridgewell/sourcemap-codec/-/sourcemap-codec-1.5.5.tgz. Extracting by manifest.
233 silly tarball no local data for @tailwindcss/oxide-win32-x64-msvc@https://registry.npmjs.org/@tailwindcss/oxide-win32-x64-msvc/-/oxide-win32-x64-msvc-4.3.3.tgz. Extracting by manifest.
234 http cache @alloc/quick-lru@https://registry.npmjs.org/@alloc/quick-lru/-/quick-lru-5.2.0.tgz 0ms (cache hit)
235 silly tarball no local data for @jridgewell/trace-mapping@https://registry.npmjs.org/@jridgewell/trace-mapping/-/trace-mapping-0.3.31.tgz. Extracting by manifest.
236 http cache @tailwindcss/oxide@https://registry.npmjs.org/@tailwindcss/oxide/-/oxide-4.3.3.tgz 0ms (cache hit)
237 silly tarball no local data for graceful-fs@https://registry.npmjs.org/graceful-fs/-/graceful-fs-4.2.11.tgz. Extracting by manifest.
238 silly tarball no local data for @jridgewell/resolve-uri@https://registry.npmjs.org/@jridgewell/resolve-uri/-/resolve-uri-3.1.2.tgz. Extracting by manifest.
239 silly tarball no local data for magic-string@https://registry.npmjs.org/magic-string/-/magic-string-0.30.21.tgz. Extracting by manifest.
240 silly tarball no local data for lightningcss@https://registry.npmjs.org/lightningcss/-/lightningcss-1.32.0.tgz. Extracting by manifest.
241 silly tarball no local data for @jridgewell/gen-mapping@https://registry.npmjs.org/@jridgewell/gen-mapping/-/gen-mapping-0.3.13.tgz. Extracting by manifest.
242 silly tarball no local data for enhanced-resolve@https://registry.npmjs.org/enhanced-resolve/-/enhanced-resolve-5.24.5.tgz. Extracting by manifest.
243 silly tarball no local data for @jridgewell/remapping@https://registry.npmjs.org/@jridgewell/remapping/-/remapping-2.3.5.tgz. Extracting by manifest.
244 silly tarball no local data for @tailwindcss/node@https://registry.npmjs.org/@tailwindcss/node/-/node-4.3.3.tgz. Extracting by manifest.
245 http cache @tailwindcss/postcss@https://registry.npmjs.org/@tailwindcss/postcss/-/postcss-4.3.3.tgz 0ms (cache hit)
246 silly tarball no local data for jiti@https://registry.npmjs.org/jiti/-/jiti-2.7.0.tgz. Extracting by manifest.
247 silly tarball no local data for @alloc/quick-lru@https://registry.npmjs.org/@alloc/quick-lru/-/quick-lru-5.2.0.tgz. Extracting by manifest.
248 silly tarball no local data for @tailwindcss/oxide@https://registry.npmjs.org/@tailwindcss/oxide/-/oxide-4.3.3.tgz. Extracting by manifest.
249 silly tarball no local data for @tailwindcss/postcss@https://registry.npmjs.org/@tailwindcss/postcss/-/postcss-4.3.3.tgz. Extracting by manifest.
250 http fetch GET 200 https://registry.npmjs.org/graceful-fs/-/graceful-fs-4.2.11.tgz 147ms (cache miss)
251 http fetch GET 200 https://registry.npmjs.org/@alloc/quick-lru/-/quick-lru-5.2.0.tgz 185ms (cache miss)
252 http fetch GET 200 https://registry.npmjs.org/@tailwindcss/oxide/-/oxide-4.3.3.tgz 189ms (cache miss)
253 http fetch POST 200 https://registry.npmjs.org/-/npm/v1/security/advisories/bulk 225ms
254 silly audit report {}
255 http fetch GET 200 https://registry.npmjs.org/@jridgewell/resolve-uri/-/resolve-uri-3.1.2.tgz 346ms (cache miss)
256 http fetch GET 200 https://registry.npmjs.org/tapable/-/tapable-2.3.3.tgz 467ms (cache miss)
257 http fetch GET 200 https://registry.npmjs.org/@tailwindcss/node/-/node-4.3.3.tgz 466ms (cache miss)
258 http fetch GET 200 https://registry.npmjs.org/magic-string/-/magic-string-0.30.21.tgz 544ms (cache miss)
259 http fetch GET 200 https://registry.npmjs.org/@jridgewell/sourcemap-codec/-/sourcemap-codec-1.5.5.tgz 557ms (cache miss)
260 http fetch GET 200 https://registry.npmjs.org/lightningcss/-/lightningcss-1.32.0.tgz 575ms (cache miss)
261 http fetch GET 200 https://registry.npmjs.org/@jridgewell/remapping/-/remapping-2.3.5.tgz 655ms (cache miss)
262 http fetch GET 200 https://registry.npmjs.org/@jridgewell/gen-mapping/-/gen-mapping-0.3.13.tgz 696ms (cache miss)
263 http fetch GET 200 https://registry.npmjs.org/@tailwindcss/oxide-win32-x64-msvc/-/oxide-win32-x64-msvc-4.3.3.tgz 707ms (cache miss)
264 http fetch GET 200 https://registry.npmjs.org/@tailwindcss/postcss/-/postcss-4.3.3.tgz 698ms (cache miss)
265 http fetch GET 200 https://registry.npmjs.org/jiti/-/jiti-2.7.0.tgz 721ms (cache miss)
266 http fetch GET 200 https://registry.npmjs.org/lightningcss-win32-x64-msvc/-/lightningcss-win32-x64-msvc-1.32.0.tgz 814ms (cache miss)
267 http fetch GET 200 https://registry.npmjs.org/@jridgewell/trace-mapping/-/trace-mapping-0.3.31.tgz 860ms (cache miss)
268 http fetch GET 200 https://registry.npmjs.org/enhanced-resolve/-/enhanced-resolve-5.24.5.tgz 1011ms (cache miss)
269 silly ADD node_modules/lightningcss-win32-x64-msvc
270 silly ADD node_modules/tapable
271 silly ADD node_modules/graceful-fs
272 silly ADD node_modules/@tailwindcss/oxide-win32-x64-msvc
273 silly ADD node_modules/@jridgewell/resolve-uri
274 silly ADD node_modules/@jridgewell/sourcemap-codec
275 silly ADD node_modules/@jridgewell/trace-mapping
276 silly ADD node_modules/@jridgewell/gen-mapping
277 silly ADD node_modules/magic-string
278 silly ADD node_modules/lightningcss
279 silly ADD node_modules/jiti
280 silly ADD node_modules/enhanced-resolve
281 silly ADD node_modules/@jridgewell/remapping
282 silly ADD node_modules/@tailwindcss/oxide
283 silly ADD node_modules/@tailwindcss/node
284 silly ADD node_modules/@alloc/quick-lru
285 silly ADD node_modules/@tailwindcss/postcss
286 verbose cwd C:\Users\franp\menuMuestra
287 verbose os Windows_NT 10.0.26200
288 verbose node v24.13.0
289 verbose npm  v11.6.2
290 verbose exit 0
291 info ok
