0 verbose cli C:\node.exe C:\node_modules\npm\bin\npm-cli.js
1 info using npm@11.6.2
2 info using node@v24.13.0
3 silly config load:file:C:\node_modules\npm\npmrc
4 silly config load:file:C:\Users\franp\menuMuestra\.npmrc
5 silly config load:file:C:\Users\franp\.npmrc
6 silly config load:file:C:\Users\franp\menuMuestra\%AppData%\npm\etc\npmrc
7 verbose title npm install
8 verbose argv "install"
9 verbose logfile logs-max:10 dir:C:\Users\franp\menuMuestra\%AppData%\npm-cache\_logs\2026-08-06T15_12_07_822Z-
10 verbose logfile C:\Users\franp\menuMuestra\%AppData%\npm-cache\_logs\2026-08-06T15_12_07_822Z-debug-0.log
11 silly logfile done cleaning log files
12 silly packumentCache heap:2348810240 maxSize:587202560 maxEntrySize:293601280
13 silly idealTree buildDeps
14 silly fetch manifest lucide-react@^0.400.0
15 silly packumentCache full:https://registry.npmjs.org/lucide-react cache-miss
16 http fetch GET 200 https://registry.npmjs.org/lucide-react 392ms (cache miss)
17 silly packumentCache full:https://registry.npmjs.org/lucide-react set size:undefined disposed:false
18 silly fetch manifest react@latest
19 silly packumentCache full:https://registry.npmjs.org/react cache-miss
20 http cache https://registry.npmjs.org/react 21ms (cache hit)
21 silly packumentCache full:https://registry.npmjs.org/react set size:6868792 disposed:false
22 silly fetch manifest next@latest
23 silly packumentCache full:https://registry.npmjs.org/next cache-miss
24 http fetch GET 200 https://registry.npmjs.org/next 467ms (cache miss)
25 silly packumentCache full:https://registry.npmjs.org/next set size:undefined disposed:false
26 silly fetch manifest @opentelemetry/api@^1.1.0
27 silly packumentCache full:https://registry.npmjs.org/@opentelemetry%2fapi cache-miss
28 http fetch GET 200 https://registry.npmjs.org/@opentelemetry%2fapi 54ms (cache miss)
29 silly packumentCache full:https://registry.npmjs.org/@opentelemetry%2fapi set size:undefined disposed:false
30 silly fetch manifest @playwright/test@^1.51.1
31 silly packumentCache full:https://registry.npmjs.org/@playwright%2ftest cache-miss
32 http fetch GET 200 https://registry.npmjs.org/@playwright%2ftest 240ms (cache miss)
33 silly packumentCache full:https://registry.npmjs.org/@playwright%2ftest set size:undefined disposed:false
34 silly fetch manifest babel-plugin-react-compiler@*
35 silly packumentCache full:https://registry.npmjs.org/babel-plugin-react-compiler cache-miss
36 http fetch GET 200 https://registry.npmjs.org/babel-plugin-react-compiler 62ms (cache miss)
37 silly packumentCache full:https://registry.npmjs.org/babel-plugin-react-compiler set size:undefined disposed:false
38 silly fetch manifest react-dom@latest
39 silly packumentCache full:https://registry.npmjs.org/react-dom cache-miss
40 http cache https://registry.npmjs.org/react-dom 26ms (cache hit)
41 silly packumentCache full:https://registry.npmjs.org/react-dom set size:9221722 disposed:false
42 silly fetch manifest sass@^1.3.0
43 silly packumentCache full:https://registry.npmjs.org/sass cache-miss
44 http cache https://registry.npmjs.org/sass 10ms (cache hit)
45 silly packumentCache full:https://registry.npmjs.org/sass set size:743214 disposed:false
46 silly fetch manifest @types/node@latest
47 silly packumentCache full:https://registry.npmjs.org/@types%2fnode cache-miss
48 http cache https://registry.npmjs.org/@types%2fnode 33ms (cache hit)
49 silly packumentCache full:https://registry.npmjs.org/@types%2fnode set size:11084776 disposed:false
50 silly fetch manifest @types/react@latest
51 silly packumentCache full:https://registry.npmjs.org/@types%2freact cache-miss
52 http cache https://registry.npmjs.org/@types%2freact 11ms (cache hit)
53 silly packumentCache full:https://registry.npmjs.org/@types%2freact set size:2637439 disposed:false
54 silly fetch manifest @types/react-dom@latest
55 silly packumentCache full:https://registry.npmjs.org/@types%2freact-dom cache-miss
56 http cache https://registry.npmjs.org/@types%2freact-dom 7ms (cache hit)
57 silly packumentCache full:https://registry.npmjs.org/@types%2freact-dom set size:432855 disposed:false
58 silly fetch manifest autoprefixer@latest
59 silly packumentCache full:https://registry.npmjs.org/autoprefixer cache-miss
60 http fetch GET 200 https://registry.npmjs.org/autoprefixer 58ms (cache miss)
61 silly packumentCache full:https://registry.npmjs.org/autoprefixer set size:undefined disposed:false
62 silly fetch manifest postcss@latest
63 silly packumentCache full:https://registry.npmjs.org/postcss cache-miss
64 http cache https://registry.npmjs.org/postcss 6ms (cache hit)
65 silly packumentCache full:https://registry.npmjs.org/postcss set size:760024 disposed:false
66 silly fetch manifest tailwindcss@latest
67 silly packumentCache full:https://registry.npmjs.org/tailwindcss cache-miss
68 http fetch GET 200 https://registry.npmjs.org/tailwindcss 203ms (cache miss)
69 silly packumentCache full:https://registry.npmjs.org/tailwindcss set size:undefined disposed:false
70 silly fetch manifest typescript@latest
71 silly packumentCache full:https://registry.npmjs.org/typescript cache-miss
72 http cache https://registry.npmjs.org/typescript 34ms (cache hit)
73 silly packumentCache full:https://registry.npmjs.org/typescript set size:15522325 disposed:false
74 silly placeDep ROOT @types/node@26.1.2 OK for: menu-muestra@0.1.0 want: latest
75 silly placeDep ROOT @types/react@19.2.18 OK for: menu-muestra@0.1.0 want: latest
76 silly placeDep ROOT @types/react-dom@19.2.4 OK for: menu-muestra@0.1.0 want: latest
77 silly placeDep ROOT autoprefixer@10.5.4 OK for: menu-muestra@0.1.0 want: latest
78 silly placeDep ROOT postcss@8.5.26 OK for: autoprefixer@10.5.4 want: ^8.1.0
79 silly placeDep ROOT lucide-react@0.400.0 REPLACE for: menu-muestra@0.1.0 want: ^0.400.0
80 silly placeDep ROOT react@19.2.8 OK for: lucide-react@0.400.0 want: ^16.5.1 || ^17.0.0 || ^18.0.0 || ^19.0.0
81 silly placeDep ROOT next@16.3.0 OK for: menu-muestra@0.1.0 want: latest
82 silly placeDep ROOT react-dom@19.2.8 OK for: next@16.3.0 want: ^18.2.0 || 19.0.0-rc-de68d2f4-20241204 || ^19.0.0
83 silly placeDep ROOT tailwindcss@4.3.3 OK for: menu-muestra@0.1.0 want: latest
84 silly placeDep ROOT typescript@7.0.2 OK for: menu-muestra@0.1.0 want: latest
85 silly fetch manifest undici-types@~8.3.0
86 silly packumentCache full:https://registry.npmjs.org/undici-types cache-miss
87 silly fetch manifest csstype@^3.2.2
88 silly packumentCache full:https://registry.npmjs.org/csstype cache-miss
89 silly fetch manifest picocolors@^1.1.1
90 silly packumentCache full:https://registry.npmjs.org/picocolors cache-miss
91 silly fetch manifest fraction.js@^5.3.4
92 silly packumentCache full:https://registry.npmjs.org/fraction.js cache-miss
93 silly fetch manifest browserslist@^4.28.6
94 silly packumentCache full:https://registry.npmjs.org/browserslist cache-miss
95 silly fetch manifest caniuse-lite@^1.0.30001806
96 silly packumentCache full:https://registry.npmjs.org/caniuse-lite cache-miss
97 silly fetch manifest postcss-value-parser@^4.2.0
98 silly packumentCache full:https://registry.npmjs.org/postcss-value-parser cache-miss
99 http cache https://registry.npmjs.org/picocolors 21ms (cache hit)
100 silly packumentCache full:https://registry.npmjs.org/picocolors set size:16648 disposed:false
101 silly fetch manifest nanoid@^3.3.17
102 silly packumentCache full:https://registry.npmjs.org/nanoid cache-miss
103 http cache https://registry.npmjs.org/browserslist 23ms (cache hit)
104 silly packumentCache full:https://registry.npmjs.org/browserslist set size:516369 disposed:false
105 silly fetch manifest source-map-js@^1.2.1
106 silly packumentCache full:https://registry.npmjs.org/source-map-js cache-miss
107 http cache https://registry.npmjs.org/undici-types 28ms (cache hit)
108 silly packumentCache full:https://registry.npmjs.org/undici-types set size:250438 disposed:false
109 silly fetch manifest postcss@8.5.23
110 silly packumentCache full:https://registry.npmjs.org/postcss cache-hit
111 silly fetch manifest @next/env@16.3.0
112 silly packumentCache full:https://registry.npmjs.org/@next%2fenv cache-miss
113 http cache https://registry.npmjs.org/caniuse-lite 34ms (cache hit)
114 silly packumentCache full:https://registry.npmjs.org/caniuse-lite set size:2309036 disposed:false
115 silly fetch manifest styled-jsx@5.1.6
116 silly packumentCache full:https://registry.npmjs.org/styled-jsx cache-miss
117 http cache https://registry.npmjs.org/csstype 54ms (cache hit)
118 silly packumentCache full:https://registry.npmjs.org/csstype set size:274189 disposed:false
119 silly fetch manifest @swc/helpers@0.5.15
120 silly packumentCache full:https://registry.npmjs.org/@swc%2fhelpers cache-miss
121 http cache https://registry.npmjs.org/nanoid 44ms (cache hit)
122 silly packumentCache full:https://registry.npmjs.org/nanoid set size:341137 disposed:false
123 silly fetch manifest caniuse-lite@^1.0.30001579
124 silly packumentCache full:https://registry.npmjs.org/caniuse-lite cache-miss
125 http cache https://registry.npmjs.org/source-map-js 46ms (cache hit)
126 silly packumentCache full:https://registry.npmjs.org/source-map-js set size:62640 disposed:false
127 silly fetch manifest baseline-browser-mapping@^2.9.19
128 silly packumentCache full:https://registry.npmjs.org/baseline-browser-mapping cache-miss
129 http fetch GET 200 https://registry.npmjs.org/fraction.js 78ms (cache miss)
130 silly packumentCache full:https://registry.npmjs.org/fraction.js set size:undefined disposed:false
131 silly fetch manifest sharp@^0.35.3
132 silly packumentCache full:https://registry.npmjs.org/sharp cache-miss
133 http cache https://registry.npmjs.org/baseline-browser-mapping 18ms (cache hit)
134 silly packumentCache full:https://registry.npmjs.org/baseline-browser-mapping set size:589004 disposed:false
135 silly fetch manifest @next/swc-darwin-x64@16.3.0
136 silly packumentCache full:https://registry.npmjs.org/@next%2fswc-darwin-x64 cache-miss
137 http cache https://registry.npmjs.org/caniuse-lite 30ms (cache hit)
138 silly packumentCache full:https://registry.npmjs.org/caniuse-lite set size:2309036 disposed:false
139 silly fetch manifest @next/swc-darwin-arm64@16.3.0
140 silly packumentCache full:https://registry.npmjs.org/@next%2fswc-darwin-arm64 cache-miss
141 http fetch GET 200 https://registry.npmjs.org/@swc%2fhelpers 83ms (cache miss)
142 silly packumentCache full:https://registry.npmjs.org/@swc%2fhelpers set size:undefined disposed:false
143 silly fetch manifest @next/swc-linux-x64-gnu@16.3.0
144 silly packumentCache full:https://registry.npmjs.org/@next%2fswc-linux-x64-gnu cache-miss
145 http fetch GET 200 https://registry.npmjs.org/postcss-value-parser 163ms (cache miss)
146 silly packumentCache full:https://registry.npmjs.org/postcss-value-parser set size:undefined disposed:false
147 silly fetch manifest @next/swc-linux-x64-musl@16.3.0
148 silly packumentCache full:https://registry.npmjs.org/@next%2fswc-linux-x64-musl cache-miss
149 http fetch GET 200 https://registry.npmjs.org/styled-jsx 152ms (cache miss)
150 silly packumentCache full:https://registry.npmjs.org/styled-jsx set size:undefined disposed:false
151 silly fetch manifest @next/swc-win32-x64-msvc@16.3.0
152 silly packumentCache full:https://registry.npmjs.org/@next%2fswc-win32-x64-msvc cache-miss
153 http fetch GET 200 https://registry.npmjs.org/sharp 163ms (cache miss)
154 silly packumentCache full:https://registry.npmjs.org/sharp set size:undefined disposed:false
155 silly fetch manifest @next/swc-linux-arm64-gnu@16.3.0
156 silly packumentCache full:https://registry.npmjs.org/@next%2fswc-linux-arm64-gnu cache-miss
157 http fetch GET 200 https://registry.npmjs.org/@next%2fswc-linux-x64-gnu 168ms (cache miss)
158 silly packumentCache full:https://registry.npmjs.org/@next%2fswc-linux-x64-gnu set size:undefined disposed:false
159 silly fetch manifest @next/swc-linux-arm64-musl@16.3.0
160 silly packumentCache full:https://registry.npmjs.org/@next%2fswc-linux-arm64-musl cache-miss
161 http fetch GET 200 https://registry.npmjs.org/@next%2fswc-linux-x64-musl 247ms (cache miss)
162 silly packumentCache full:https://registry.npmjs.org/@next%2fswc-linux-x64-musl set size:undefined disposed:false
163 silly fetch manifest @next/swc-win32-arm64-msvc@16.3.0
164 silly packumentCache full:https://registry.npmjs.org/@next%2fswc-win32-arm64-msvc cache-miss
165 http fetch GET 200 https://registry.npmjs.org/@next%2fswc-darwin-x64 343ms (cache miss)
166 silly packumentCache full:https://registry.npmjs.org/@next%2fswc-darwin-x64 set size:undefined disposed:false
167 silly fetch manifest scheduler@^0.27.0
168 silly packumentCache full:https://registry.npmjs.org/scheduler cache-miss
169 http cache https://registry.npmjs.org/scheduler 32ms (cache hit)
170 silly packumentCache full:https://registry.npmjs.org/scheduler set size:5671464 disposed:false
171 silly fetch manifest @typescript/typescript-aix-ppc64@7.0.2
172 silly packumentCache full:https://registry.npmjs.org/@typescript%2ftypescript-aix-ppc64 cache-miss
173 http cache https://registry.npmjs.org/@typescript%2ftypescript-aix-ppc64 20ms (cache hit)
174 silly packumentCache full:https://registry.npmjs.org/@typescript%2ftypescript-aix-ppc64 set size:6049 disposed:false
175 silly fetch manifest @typescript/typescript-linux-arm@7.0.2
176 silly packumentCache full:https://registry.npmjs.org/@typescript%2ftypescript-linux-arm cache-miss
177 http cache https://registry.npmjs.org/@typescript%2ftypescript-linux-arm 14ms (cache hit)
178 silly packumentCache full:https://registry.npmjs.org/@typescript%2ftypescript-linux-arm set size:72370 disposed:false
179 silly fetch manifest @typescript/typescript-linux-x64@7.0.2
180 silly packumentCache full:https://registry.npmjs.org/@typescript%2ftypescript-linux-x64 cache-miss
181 http cache https://registry.npmjs.org/@typescript%2ftypescript-linux-x64 14ms (cache hit)
182 silly packumentCache full:https://registry.npmjs.org/@typescript%2ftypescript-linux-x64 set size:74550 disposed:false
183 silly fetch manifest @typescript/typescript-sunos-x64@7.0.2
184 silly packumentCache full:https://registry.npmjs.org/@typescript%2ftypescript-sunos-x64 cache-miss
185 http cache https://registry.npmjs.org/@typescript%2ftypescript-sunos-x64 16ms (cache hit)
186 silly packumentCache full:https://registry.npmjs.org/@typescript%2ftypescript-sunos-x64 set size:6046 disposed:false
187 silly fetch manifest @typescript/typescript-win32-x64@7.0.2
188 silly packumentCache full:https://registry.npmjs.org/@typescript%2ftypescript-win32-x64 cache-miss
189 http cache https://registry.npmjs.org/@typescript%2ftypescript-win32-x64 15ms (cache hit)
190 silly packumentCache full:https://registry.npmjs.org/@typescript%2ftypescript-win32-x64 set size:72365 disposed:false
191 silly fetch manifest @typescript/typescript-darwin-x64@7.0.2
192 silly packumentCache full:https://registry.npmjs.org/@typescript%2ftypescript-darwin-x64 cache-miss
193 http cache https://registry.npmjs.org/@typescript%2ftypescript-darwin-x64 14ms (cache hit)
194 silly packumentCache full:https://registry.npmjs.org/@typescript%2ftypescript-darwin-x64 set size:72590 disposed:false
195 silly fetch manifest @typescript/typescript-netbsd-x64@7.0.2
196 silly packumentCache full:https://registry.npmjs.org/@typescript%2ftypescript-netbsd-x64 cache-miss
197 http cache https://registry.npmjs.org/@typescript%2ftypescript-netbsd-x64 15ms (cache hit)
198 silly packumentCache full:https://registry.npmjs.org/@typescript%2ftypescript-netbsd-x64 set size:6065 disposed:false
199 silly fetch manifest @typescript/typescript-freebsd-x64@7.0.2
200 silly packumentCache full:https://registry.npmjs.org/@typescript%2ftypescript-freebsd-x64 cache-miss
201 http cache https://registry.npmjs.org/@typescript%2ftypescript-freebsd-x64 14ms (cache hit)
202 silly packumentCache full:https://registry.npmjs.org/@typescript%2ftypescript-freebsd-x64 set size:6088 disposed:false
203 silly fetch manifest @typescript/typescript-linux-arm64@7.0.2
204 silly packumentCache full:https://registry.npmjs.org/@typescript%2ftypescript-linux-arm64 cache-miss
205 http cache https://registry.npmjs.org/@typescript%2ftypescript-linux-arm64 14ms (cache hit)
206 silly packumentCache full:https://registry.npmjs.org/@typescript%2ftypescript-linux-arm64 set size:74838 disposed:false
207 silly fetch manifest @typescript/typescript-linux-ppc64@7.0.2
208 silly packumentCache full:https://registry.npmjs.org/@typescript%2ftypescript-linux-ppc64 cache-miss
209 http cache https://registry.npmjs.org/@typescript%2ftypescript-linux-ppc64 15ms (cache hit)
210 silly packumentCache full:https://registry.npmjs.org/@typescript%2ftypescript-linux-ppc64 set size:6087 disposed:false
211 silly fetch manifest @typescript/typescript-linux-s390x@7.0.2
212 silly packumentCache full:https://registry.npmjs.org/@typescript%2ftypescript-linux-s390x cache-miss
213 http cache https://registry.npmjs.org/@typescript%2ftypescript-linux-s390x 13ms (cache hit)
214 silly packumentCache full:https://registry.npmjs.org/@typescript%2ftypescript-linux-s390x set size:6086 disposed:false
215 silly fetch manifest @typescript/typescript-openbsd-x64@7.0.2
216 silly packumentCache full:https://registry.npmjs.org/@typescript%2ftypescript-openbsd-x64 cache-miss
217 http cache https://registry.npmjs.org/@typescript%2ftypescript-openbsd-x64 14ms (cache hit)
218 silly packumentCache full:https://registry.npmjs.org/@typescript%2ftypescript-openbsd-x64 set size:6086 disposed:false
219 silly fetch manifest @typescript/typescript-win32-arm64@7.0.2
220 silly packumentCache full:https://registry.npmjs.org/@typescript%2ftypescript-win32-arm64 cache-miss
221 http cache https://registry.npmjs.org/@typescript%2ftypescript-win32-arm64 12ms (cache hit)
222 silly packumentCache full:https://registry.npmjs.org/@typescript%2ftypescript-win32-arm64 set size:72813 disposed:false
223 silly fetch manifest @typescript/typescript-darwin-arm64@7.0.2
224 silly packumentCache full:https://registry.npmjs.org/@typescript%2ftypescript-darwin-arm64 cache-miss
225 http cache https://registry.npmjs.org/@typescript%2ftypescript-darwin-arm64 11ms (cache hit)
226 silly packumentCache full:https://registry.npmjs.org/@typescript%2ftypescript-darwin-arm64 set size:73885 disposed:false
227 silly fetch manifest @typescript/typescript-netbsd-arm64@7.0.2
228 silly packumentCache full:https://registry.npmjs.org/@typescript%2ftypescript-netbsd-arm64 cache-miss
229 http fetch GET 200 https://registry.npmjs.org/@next%2fswc-win32-x64-msvc 548ms (cache miss)
230 silly packumentCache full:https://registry.npmjs.org/@next%2fswc-win32-x64-msvc set size:undefined disposed:false
231 silly fetch manifest @typescript/typescript-freebsd-arm64@7.0.2
232 silly packumentCache full:https://registry.npmjs.org/@typescript%2ftypescript-freebsd-arm64 cache-miss
233 http fetch GET 200 https://registry.npmjs.org/@next%2fswc-darwin-arm64 674ms (cache miss)
234 silly packumentCache full:https://registry.npmjs.org/@next%2fswc-darwin-arm64 set size:undefined disposed:false
235 silly fetch manifest @typescript/typescript-linux-loong64@7.0.2
236 silly packumentCache full:https://registry.npmjs.org/@typescript%2ftypescript-linux-loong64 cache-miss
237 http cache https://registry.npmjs.org/@typescript%2ftypescript-netbsd-arm64 83ms (cache hit)
238 silly packumentCache full:https://registry.npmjs.org/@typescript%2ftypescript-netbsd-arm64 set size:6109 disposed:false
239 silly fetch manifest @typescript/typescript-linux-riscv64@7.0.2
240 silly packumentCache full:https://registry.npmjs.org/@typescript%2ftypescript-linux-riscv64 cache-miss
241 http fetch GET 200 https://registry.npmjs.org/@next%2fswc-linux-arm64-gnu 579ms (cache miss)
242 silly packumentCache full:https://registry.npmjs.org/@next%2fswc-linux-arm64-gnu set size:undefined disposed:false
243 silly fetch manifest @typescript/typescript-openbsd-arm64@7.0.2
244 silly packumentCache full:https://registry.npmjs.org/@typescript%2ftypescript-openbsd-arm64 cache-miss
245 http fetch GET 200 https://registry.npmjs.org/@next%2fswc-win32-arm64-msvc 423ms (cache miss)
246 silly packumentCache full:https://registry.npmjs.org/@next%2fswc-win32-arm64-msvc set size:undefined disposed:false
247 silly fetch manifest @typescript/typescript-linux-mips64el@7.0.2
248 silly packumentCache full:https://registry.npmjs.org/@typescript%2ftypescript-linux-mips64el cache-miss
249 http cache https://registry.npmjs.org/@typescript%2ftypescript-freebsd-arm64 98ms (cache hit)
250 silly packumentCache full:https://registry.npmjs.org/@typescript%2ftypescript-freebsd-arm64 set size:6126 disposed:false
251 http cache https://registry.npmjs.org/@typescript%2ftypescript-linux-loong64 68ms (cache hit)
252 silly packumentCache full:https://registry.npmjs.org/@typescript%2ftypescript-linux-loong64 set size:6127 disposed:false
253 http cache https://registry.npmjs.org/@typescript%2ftypescript-linux-riscv64 69ms (cache hit)
254 silly packumentCache full:https://registry.npmjs.org/@typescript%2ftypescript-linux-riscv64 set size:6127 disposed:false
255 http cache https://registry.npmjs.org/@typescript%2ftypescript-linux-mips64el 23ms (cache hit)
256 silly packumentCache full:https://registry.npmjs.org/@typescript%2ftypescript-linux-mips64el set size:6146 disposed:false
257 http cache https://registry.npmjs.org/@typescript%2ftypescript-openbsd-arm64 44ms (cache hit)
258 silly packumentCache full:https://registry.npmjs.org/@typescript%2ftypescript-openbsd-arm64 set size:6126 disposed:false
259 http fetch GET 200 https://registry.npmjs.org/@next%2fswc-linux-arm64-musl 577ms (cache miss)
260 silly packumentCache full:https://registry.npmjs.org/@next%2fswc-linux-arm64-musl set size:undefined disposed:false
261 http fetch GET 200 https://registry.npmjs.org/@next%2fenv 985ms (cache miss)
262 silly packumentCache full:https://registry.npmjs.org/@next%2fenv set size:undefined disposed:false
263 silly placeDep ROOT undici-types@8.3.0 OK for: @types/node@26.1.2 want: ~8.3.0
264 silly placeDep ROOT csstype@3.2.3 OK for: @types/react@19.2.18 want: ^3.2.2
265 silly placeDep ROOT browserslist@4.28.7 OK for: autoprefixer@10.5.4 want: ^4.28.6
266 silly placeDep ROOT caniuse-lite@1.0.30001807 OK for: autoprefixer@10.5.4 want: ^1.0.30001806
267 silly placeDep ROOT fraction.js@5.3.4 OK for: autoprefixer@10.5.4 want: ^5.3.4
268 silly placeDep ROOT picocolors@1.1.1 OK for: autoprefixer@10.5.4 want: ^1.1.1
269 silly placeDep ROOT postcss-value-parser@4.2.0 OK for: autoprefixer@10.5.4 want: ^4.2.0
270 silly fetch manifest node-releases@^2.0.51
271 silly packumentCache full:https://registry.npmjs.org/node-releases cache-miss
272 silly fetch manifest electron-to-chromium@^1.5.393
273 silly packumentCache full:https://registry.npmjs.org/electron-to-chromium cache-miss
274 silly fetch manifest update-browserslist-db@^1.2.3
275 silly packumentCache full:https://registry.npmjs.org/update-browserslist-db cache-miss
276 silly fetch manifest baseline-browser-mapping@^2.10.44
277 silly packumentCache full:https://registry.npmjs.org/baseline-browser-mapping cache-hit
278 http cache https://registry.npmjs.org/node-releases 11ms (cache hit)
279 silly packumentCache full:https://registry.npmjs.org/node-releases set size:294065 disposed:false
280 http cache https://registry.npmjs.org/electron-to-chromium 20ms (cache hit)
281 silly packumentCache full:https://registry.npmjs.org/electron-to-chromium set size:4888164 disposed:false
282 http cache https://registry.npmjs.org/update-browserslist-db 41ms (cache hit)
283 silly packumentCache full:https://registry.npmjs.org/update-browserslist-db set size:62000 disposed:false
284 silly fetch manifest browserslist@>= 4.21.0
285 silly packumentCache full:https://registry.npmjs.org/browserslist cache-hit
286 silly placeDep ROOT baseline-browser-mapping@2.11.12 OK for: browserslist@4.28.7 want: ^2.10.44
287 silly placeDep ROOT electron-to-chromium@1.5.402 OK for: browserslist@4.28.7 want: ^1.5.393
288 silly placeDep ROOT node-releases@2.0.53 OK for: browserslist@4.28.7 want: ^2.0.51
289 silly placeDep ROOT update-browserslist-db@1.2.3 OK for: browserslist@4.28.7 want: ^1.2.3
290 silly fetch manifest escalade@^3.2.0
291 silly packumentCache full:https://registry.npmjs.org/escalade cache-miss
292 http cache https://registry.npmjs.org/escalade 5ms (cache hit)
293 silly packumentCache full:https://registry.npmjs.org/escalade set size:33724 disposed:false
294 silly fetch manifest react@^18.2.0 || 19.0.0-rc-de68d2f4-20241204 || ^19.0.0
295 silly packumentCache full:https://registry.npmjs.org/react cache-miss
296 http cache https://registry.npmjs.org/react 19ms (cache hit)
297 silly packumentCache full:https://registry.npmjs.org/react set size:6868792 disposed:false
298 silly placeDep ROOT @next/env@16.3.0 OK for: next@16.3.0 want: 16.3.0
299 silly placeDep ROOT @next/swc-darwin-arm64@16.3.0 OK for: next@16.3.0 want: 16.3.0
300 silly placeDep ROOT @next/swc-darwin-x64@16.3.0 OK for: next@16.3.0 want: 16.3.0
301 silly placeDep ROOT @next/swc-linux-arm64-gnu@16.3.0 OK for: next@16.3.0 want: 16.3.0
302 silly placeDep ROOT @next/swc-linux-arm64-musl@16.3.0 OK for: next@16.3.0 want: 16.3.0
303 silly placeDep ROOT @next/swc-linux-x64-gnu@16.3.0 OK for: next@16.3.0 want: 16.3.0
304 silly placeDep ROOT @next/swc-linux-x64-musl@16.3.0 OK for: next@16.3.0 want: 16.3.0
305 silly placeDep ROOT @next/swc-win32-arm64-msvc@16.3.0 OK for: next@16.3.0 want: 16.3.0
306 silly placeDep ROOT @next/swc-win32-x64-msvc@16.3.0 OK for: next@16.3.0 want: 16.3.0
307 silly placeDep ROOT @swc/helpers@0.5.15 OK for: next@16.3.0 want: 0.5.15
308 silly placeDep node_modules/next postcss@8.5.23 OK for: next@16.3.0 want: 8.5.23
309 silly placeDep ROOT sharp@0.35.3 OK for: next@16.3.0 want: ^0.35.3
310 silly placeDep ROOT styled-jsx@5.1.6 OK for: next@16.3.0 want: 5.1.6
311 silly fetch manifest tslib@^2.8.0
312 silly packumentCache full:https://registry.npmjs.org/tslib cache-miss
313 silly fetch manifest nanoid@^3.3.16
314 silly packumentCache full:https://registry.npmjs.org/nanoid cache-hit
315 silly fetch manifest @img/colour@^1.1.0
316 silly packumentCache full:https://registry.npmjs.org/@img%2fcolour cache-miss
317 silly fetch manifest detect-libc@^2.1.2
318 silly packumentCache full:https://registry.npmjs.org/detect-libc cache-miss
319 silly fetch manifest semver@^7.8.5
320 silly packumentCache full:https://registry.npmjs.org/semver cache-miss
321 silly fetch manifest @img/sharp-darwin-arm64@0.35.3
322 silly packumentCache full:https://registry.npmjs.org/@img%2fsharp-darwin-arm64 cache-miss
323 silly fetch manifest @img/sharp-darwin-x64@0.35.3
324 silly packumentCache full:https://registry.npmjs.org/@img%2fsharp-darwin-x64 cache-miss
325 silly fetch manifest @img/sharp-freebsd-wasm32@0.35.3
326 silly packumentCache full:https://registry.npmjs.org/@img%2fsharp-freebsd-wasm32 cache-miss
327 http cache https://registry.npmjs.org/semver 10ms (cache hit)
328 silly packumentCache full:https://registry.npmjs.org/semver set size:246069 disposed:false
329 silly fetch manifest @img/sharp-libvips-darwin-arm64@1.3.2
330 silly packumentCache full:https://registry.npmjs.org/@img%2fsharp-libvips-darwin-arm64 cache-miss
331 http fetch GET 200 https://registry.npmjs.org/detect-libc 38ms (cache miss)
332 silly packumentCache full:https://registry.npmjs.org/detect-libc set size:undefined disposed:false
333 silly fetch manifest @img/sharp-libvips-darwin-x64@1.3.2
334 silly packumentCache full:https://registry.npmjs.org/@img%2fsharp-libvips-darwin-x64 cache-miss
335 http fetch GET 200 https://registry.npmjs.org/tslib 44ms (cache miss)
336 silly packumentCache full:https://registry.npmjs.org/tslib set size:undefined disposed:false
337 silly fetch manifest @img/sharp-libvips-linux-arm@1.3.2
338 silly packumentCache full:https://registry.npmjs.org/@img%2fsharp-libvips-linux-arm cache-miss
339 http fetch GET 200 https://registry.npmjs.org/@img%2fcolour 63ms (cache miss)
340 silly packumentCache full:https://registry.npmjs.org/@img%2fcolour set size:undefined disposed:false
341 silly fetch manifest @img/sharp-libvips-linux-arm64@1.3.2
342 silly packumentCache full:https://registry.npmjs.org/@img%2fsharp-libvips-linux-arm64 cache-miss
343 http fetch GET 200 https://registry.npmjs.org/@img%2fsharp-freebsd-wasm32 66ms (cache miss)
344 silly packumentCache full:https://registry.npmjs.org/@img%2fsharp-freebsd-wasm32 set size:undefined disposed:false
345 silly fetch manifest @img/sharp-libvips-linux-ppc64@1.3.2
346 silly packumentCache full:https://registry.npmjs.org/@img%2fsharp-libvips-linux-ppc64 cache-miss
347 http fetch GET 200 https://registry.npmjs.org/@img%2fsharp-libvips-darwin-arm64 63ms (cache miss)
348 silly packumentCache full:https://registry.npmjs.org/@img%2fsharp-libvips-darwin-arm64 set size:undefined disposed:false
349 silly fetch manifest @img/sharp-libvips-linux-riscv64@1.3.2
350 silly packumentCache full:https://registry.npmjs.org/@img%2fsharp-libvips-linux-riscv64 cache-miss
351 http fetch GET 200 https://registry.npmjs.org/@img%2fsharp-darwin-arm64 80ms (cache miss)
352 silly packumentCache full:https://registry.npmjs.org/@img%2fsharp-darwin-arm64 set size:undefined disposed:false
353 silly fetch manifest @img/sharp-libvips-linux-s390x@1.3.2
354 silly packumentCache full:https://registry.npmjs.org/@img%2fsharp-libvips-linux-s390x cache-miss
355 http fetch GET 200 https://registry.npmjs.org/@img%2fsharp-libvips-linux-arm 55ms (cache miss)
356 silly packumentCache full:https://registry.npmjs.org/@img%2fsharp-libvips-linux-arm set size:undefined disposed:false
357 silly fetch manifest @img/sharp-libvips-linux-x64@1.3.2
358 silly packumentCache full:https://registry.npmjs.org/@img%2fsharp-libvips-linux-x64 cache-miss
359 http fetch GET 200 https://registry.npmjs.org/@img%2fsharp-libvips-linux-arm64 48ms (cache miss)
360 silly packumentCache full:https://registry.npmjs.org/@img%2fsharp-libvips-linux-arm64 set size:undefined disposed:false
361 silly fetch manifest @img/sharp-libvips-linuxmusl-arm64@1.3.2
362 silly packumentCache full:https://registry.npmjs.org/@img%2fsharp-libvips-linuxmusl-arm64 cache-miss
363 http fetch GET 200 https://registry.npmjs.org/@img%2fsharp-libvips-linux-riscv64 56ms (cache miss)
364 silly packumentCache full:https://registry.npmjs.org/@img%2fsharp-libvips-linux-riscv64 set size:undefined disposed:false
365 silly fetch manifest @img/sharp-libvips-linuxmusl-x64@1.3.2
366 silly packumentCache full:https://registry.npmjs.org/@img%2fsharp-libvips-linuxmusl-x64 cache-miss
367 http fetch GET 200 https://registry.npmjs.org/@img%2fsharp-libvips-linux-s390x 57ms (cache miss)
368 silly packumentCache full:https://registry.npmjs.org/@img%2fsharp-libvips-linux-s390x set size:undefined disposed:false
369 silly fetch manifest @img/sharp-linux-arm@0.35.3
370 silly packumentCache full:https://registry.npmjs.org/@img%2fsharp-linux-arm cache-miss
371 http fetch GET 200 https://registry.npmjs.org/@img%2fsharp-libvips-linux-x64 67ms (cache miss)
372 silly packumentCache full:https://registry.npmjs.org/@img%2fsharp-libvips-linux-x64 set size:undefined disposed:false
373 silly fetch manifest @img/sharp-linux-arm64@0.35.3
374 silly packumentCache full:https://registry.npmjs.org/@img%2fsharp-linux-arm64 cache-miss
375 http fetch GET 200 https://registry.npmjs.org/@img%2fsharp-libvips-linuxmusl-arm64 66ms (cache miss)
376 silly packumentCache full:https://registry.npmjs.org/@img%2fsharp-libvips-linuxmusl-arm64 set size:undefined disposed:false
377 silly fetch manifest @img/sharp-linux-ppc64@0.35.3
378 silly packumentCache full:https://registry.npmjs.org/@img%2fsharp-linux-ppc64 cache-miss
379 http fetch GET 200 https://registry.npmjs.org/@img%2fsharp-libvips-linuxmusl-x64 51ms (cache miss)
380 silly packumentCache full:https://registry.npmjs.org/@img%2fsharp-libvips-linuxmusl-x64 set size:undefined disposed:false
381 silly fetch manifest @img/sharp-linux-riscv64@0.35.3
382 silly packumentCache full:https://registry.npmjs.org/@img%2fsharp-linux-riscv64 cache-miss
383 http fetch GET 200 https://registry.npmjs.org/@img%2fsharp-linux-arm 74ms (cache miss)
384 silly packumentCache full:https://registry.npmjs.org/@img%2fsharp-linux-arm set size:undefined disposed:false
385 silly fetch manifest @img/sharp-linux-s390x@0.35.3
386 silly packumentCache full:https://registry.npmjs.org/@img%2fsharp-linux-s390x cache-miss
387 http fetch GET 200 https://registry.npmjs.org/@img%2fsharp-linux-arm64 56ms (cache miss)
388 silly packumentCache full:https://registry.npmjs.org/@img%2fsharp-linux-arm64 set size:undefined disposed:false
389 silly fetch manifest @img/sharp-linux-x64@0.35.3
390 silly packumentCache full:https://registry.npmjs.org/@img%2fsharp-linux-x64 cache-miss
391 http fetch GET 200 https://registry.npmjs.org/@img%2fsharp-darwin-x64 237ms (cache miss)
392 silly packumentCache full:https://registry.npmjs.org/@img%2fsharp-darwin-x64 set size:undefined disposed:false
393 silly fetch manifest @img/sharp-linuxmusl-arm64@0.35.3
394 silly packumentCache full:https://registry.npmjs.org/@img%2fsharp-linuxmusl-arm64 cache-miss
395 http fetch GET 200 https://registry.npmjs.org/@img%2fsharp-linux-ppc64 62ms (cache miss)
396 silly packumentCache full:https://registry.npmjs.org/@img%2fsharp-linux-ppc64 set size:undefined disposed:false
397 silly fetch manifest @img/sharp-linuxmusl-x64@0.35.3
398 silly packumentCache full:https://registry.npmjs.org/@img%2fsharp-linuxmusl-x64 cache-miss
399 http fetch GET 200 https://registry.npmjs.org/@img%2fsharp-linux-riscv64 58ms (cache miss)
400 silly packumentCache full:https://registry.npmjs.org/@img%2fsharp-linux-riscv64 set size:undefined disposed:false
401 silly fetch manifest @img/sharp-webcontainers-wasm32@0.35.3
402 silly packumentCache full:https://registry.npmjs.org/@img%2fsharp-webcontainers-wasm32 cache-miss
403 http fetch GET 200 https://registry.npmjs.org/@img%2fsharp-libvips-darwin-x64 216ms (cache miss)
404 silly packumentCache full:https://registry.npmjs.org/@img%2fsharp-libvips-darwin-x64 set size:undefined disposed:false
405 silly fetch manifest @img/sharp-win32-arm64@0.35.3
406 silly packumentCache full:https://registry.npmjs.org/@img%2fsharp-win32-arm64 cache-miss
407 http fetch GET 200 https://registry.npmjs.org/@img%2fsharp-libvips-linux-ppc64 223ms (cache miss)
408 silly packumentCache full:https://registry.npmjs.org/@img%2fsharp-libvips-linux-ppc64 set size:undefined disposed:false
409 silly fetch manifest @img/sharp-win32-ia32@0.35.3
410 silly packumentCache full:https://registry.npmjs.org/@img%2fsharp-win32-ia32 cache-miss
411 http fetch GET 200 https://registry.npmjs.org/@img%2fsharp-linuxmusl-arm64 62ms (cache miss)
412 silly packumentCache full:https://registry.npmjs.org/@img%2fsharp-linuxmusl-arm64 set size:undefined disposed:false
413 silly fetch manifest @img/sharp-win32-x64@0.35.3
414 silly packumentCache full:https://registry.npmjs.org/@img%2fsharp-win32-x64 cache-miss
415 http fetch GET 200 https://registry.npmjs.org/@img%2fsharp-win32-arm64 53ms (cache miss)
416 silly packumentCache full:https://registry.npmjs.org/@img%2fsharp-win32-arm64 set size:undefined disposed:false
417 silly fetch manifest client-only@0.0.1
418 silly packumentCache full:https://registry.npmjs.org/client-only cache-miss
419 http fetch GET 200 https://registry.npmjs.org/@img%2fsharp-win32-ia32 51ms (cache miss)
420 silly packumentCache full:https://registry.npmjs.org/@img%2fsharp-win32-ia32 set size:undefined disposed:false
421 http fetch GET 200 https://registry.npmjs.org/client-only 35ms (cache miss)
422 silly packumentCache full:https://registry.npmjs.org/client-only set size:undefined disposed:false
423 http fetch GET 200 https://registry.npmjs.org/@img%2fsharp-win32-x64 60ms (cache miss)
424 silly packumentCache full:https://registry.npmjs.org/@img%2fsharp-win32-x64 set size:undefined disposed:false
425 http fetch GET 200 https://registry.npmjs.org/@img%2fsharp-linux-x64 223ms (cache miss)
426 silly packumentCache full:https://registry.npmjs.org/@img%2fsharp-linux-x64 set size:undefined disposed:false
427 http fetch GET 200 https://registry.npmjs.org/@img%2fsharp-linuxmusl-x64 214ms (cache miss)
428 silly packumentCache full:https://registry.npmjs.org/@img%2fsharp-linuxmusl-x64 set size:undefined disposed:false
429 http fetch GET 200 https://registry.npmjs.org/@img%2fsharp-linux-s390x 259ms (cache miss)
430 silly packumentCache full:https://registry.npmjs.org/@img%2fsharp-linux-s390x set size:undefined disposed:false
431 http fetch GET 200 https://registry.npmjs.org/@img%2fsharp-webcontainers-wasm32 403ms (cache miss)
432 silly packumentCache full:https://registry.npmjs.org/@img%2fsharp-webcontainers-wasm32 set size:undefined disposed:false
433 silly placeDep ROOT tslib@2.8.1 OK for: @swc/helpers@0.5.15 want: ^2.8.0
434 silly placeDep ROOT nanoid@3.3.17 OK for: postcss@8.5.26 want: ^3.3.17
435 silly placeDep ROOT source-map-js@1.2.1 OK for: postcss@8.5.26 want: ^1.2.1
436 silly placeDep ROOT scheduler@0.27.0 OK for: react-dom@19.2.8 want: ^0.27.0
437 silly placeDep ROOT @img/colour@1.1.0 OK for: sharp@0.35.3 want: ^1.1.0
438 silly placeDep ROOT @img/sharp-darwin-arm64@0.35.3 OK for: sharp@0.35.3 want: 0.35.3
439 silly placeDep ROOT @img/sharp-darwin-x64@0.35.3 OK for: sharp@0.35.3 want: 0.35.3
440 silly placeDep ROOT @img/sharp-freebsd-wasm32@0.35.3 OK for: sharp@0.35.3 want: 0.35.3
441 silly placeDep ROOT @img/sharp-libvips-darwin-arm64@1.3.2 OK for: sharp@0.35.3 want: 1.3.2
442 silly placeDep ROOT @img/sharp-libvips-darwin-x64@1.3.2 OK for: sharp@0.35.3 want: 1.3.2
443 silly placeDep ROOT @img/sharp-libvips-linux-arm@1.3.2 OK for: sharp@0.35.3 want: 1.3.2
444 silly placeDep ROOT @img/sharp-libvips-linux-arm64@1.3.2 OK for: sharp@0.35.3 want: 1.3.2
445 silly placeDep ROOT @img/sharp-libvips-linux-ppc64@1.3.2 OK for: sharp@0.35.3 want: 1.3.2
446 silly placeDep ROOT @img/sharp-libvips-linux-riscv64@1.3.2 OK for: sharp@0.35.3 want: 1.3.2
447 silly placeDep ROOT @img/sharp-libvips-linux-s390x@1.3.2 OK for: sharp@0.35.3 want: 1.3.2
448 silly placeDep ROOT @img/sharp-libvips-linux-x64@1.3.2 OK for: sharp@0.35.3 want: 1.3.2
449 silly placeDep ROOT @img/sharp-libvips-linuxmusl-arm64@1.3.2 OK for: sharp@0.35.3 want: 1.3.2
450 silly placeDep ROOT @img/sharp-libvips-linuxmusl-x64@1.3.2 OK for: sharp@0.35.3 want: 1.3.2
451 silly placeDep ROOT @img/sharp-linux-arm@0.35.3 OK for: sharp@0.35.3 want: 0.35.3
452 silly placeDep ROOT @img/sharp-linux-arm64@0.35.3 OK for: sharp@0.35.3 want: 0.35.3
453 silly placeDep ROOT @img/sharp-linux-ppc64@0.35.3 OK for: sharp@0.35.3 want: 0.35.3
454 silly placeDep ROOT @img/sharp-linux-riscv64@0.35.3 OK for: sharp@0.35.3 want: 0.35.3
455 silly placeDep ROOT @img/sharp-linux-s390x@0.35.3 OK for: sharp@0.35.3 want: 0.35.3
456 silly placeDep ROOT @img/sharp-linux-x64@0.35.3 OK for: sharp@0.35.3 want: 0.35.3
457 silly placeDep ROOT @img/sharp-linuxmusl-arm64@0.35.3 OK for: sharp@0.35.3 want: 0.35.3
458 silly placeDep ROOT @img/sharp-linuxmusl-x64@0.35.3 OK for: sharp@0.35.3 want: 0.35.3
459 silly placeDep ROOT @img/sharp-webcontainers-wasm32@0.35.3 OK for: sharp@0.35.3 want: 0.35.3
460 silly placeDep ROOT @img/sharp-win32-arm64@0.35.3 OK for: sharp@0.35.3 want: 0.35.3
461 silly placeDep ROOT @img/sharp-win32-ia32@0.35.3 OK for: sharp@0.35.3 want: 0.35.3
462 silly placeDep ROOT @img/sharp-win32-x64@0.35.3 OK for: sharp@0.35.3 want: 0.35.3
463 silly placeDep ROOT detect-libc@2.1.2 OK for: sharp@0.35.3 want: ^2.1.2
464 silly placeDep ROOT semver@7.8.5 OK for: sharp@0.35.3 want: ^7.8.5
465 silly fetch manifest @img/sharp-wasm32@0.35.3
466 silly packumentCache full:https://registry.npmjs.org/@img%2fsharp-wasm32 cache-miss
467 silly fetch manifest @img/sharp-wasm32@0.35.3
468 silly packumentCache full:https://registry.npmjs.org/@img%2fsharp-wasm32 cache-miss
469 http fetch GET 200 https://registry.npmjs.org/@img%2fsharp-wasm32 246ms (cache miss)
470 silly packumentCache full:https://registry.npmjs.org/@img%2fsharp-wasm32 set size:undefined disposed:false
471 http fetch GET 200 https://registry.npmjs.org/@img%2fsharp-wasm32 251ms (cache miss)
472 silly packumentCache full:https://registry.npmjs.org/@img%2fsharp-wasm32 set size:undefined disposed:false
473 silly placeDep ROOT @img/sharp-wasm32@0.35.3 OK for: @img/sharp-freebsd-wasm32@0.35.3 want: 0.35.3
474 silly fetch manifest @emnapi/runtime@^1.11.1
475 silly packumentCache full:https://registry.npmjs.org/@emnapi%2fruntime cache-miss
476 http fetch GET 200 https://registry.npmjs.org/@emnapi%2fruntime 52ms (cache miss)
477 silly packumentCache full:https://registry.npmjs.org/@emnapi%2fruntime set size:undefined disposed:false
478 silly placeDep ROOT @emnapi/runtime@1.11.3 OK for: @img/sharp-wasm32@0.35.3 want: ^1.11.1
479 silly placeDep ROOT client-only@0.0.1 OK for: styled-jsx@5.1.6 want: 0.0.1
480 silly placeDep ROOT @typescript/typescript-aix-ppc64@7.0.2 OK for: typescript@7.0.2 want: 7.0.2
481 silly placeDep ROOT @typescript/typescript-darwin-arm64@7.0.2 OK for: typescript@7.0.2 want: 7.0.2
482 silly placeDep ROOT @typescript/typescript-darwin-x64@7.0.2 OK for: typescript@7.0.2 want: 7.0.2
483 silly placeDep ROOT @typescript/typescript-freebsd-arm64@7.0.2 OK for: typescript@7.0.2 want: 7.0.2
484 silly placeDep ROOT @typescript/typescript-freebsd-x64@7.0.2 OK for: typescript@7.0.2 want: 7.0.2
485 silly placeDep ROOT @typescript/typescript-linux-arm@7.0.2 OK for: typescript@7.0.2 want: 7.0.2
486 silly placeDep ROOT @typescript/typescript-linux-arm64@7.0.2 OK for: typescript@7.0.2 want: 7.0.2
487 silly placeDep ROOT @typescript/typescript-linux-loong64@7.0.2 OK for: typescript@7.0.2 want: 7.0.2
488 silly placeDep ROOT @typescript/typescript-linux-mips64el@7.0.2 OK for: typescript@7.0.2 want: 7.0.2
489 silly placeDep ROOT @typescript/typescript-linux-ppc64@7.0.2 OK for: typescript@7.0.2 want: 7.0.2
490 silly placeDep ROOT @typescript/typescript-linux-riscv64@7.0.2 OK for: typescript@7.0.2 want: 7.0.2
491 silly placeDep ROOT @typescript/typescript-linux-s390x@7.0.2 OK for: typescript@7.0.2 want: 7.0.2
492 silly placeDep ROOT @typescript/typescript-linux-x64@7.0.2 OK for: typescript@7.0.2 want: 7.0.2
493 silly placeDep ROOT @typescript/typescript-netbsd-arm64@7.0.2 OK for: typescript@7.0.2 want: 7.0.2
494 silly placeDep ROOT @typescript/typescript-netbsd-x64@7.0.2 OK for: typescript@7.0.2 want: 7.0.2
495 silly placeDep ROOT @typescript/typescript-openbsd-arm64@7.0.2 OK for: typescript@7.0.2 want: 7.0.2
496 silly placeDep ROOT @typescript/typescript-openbsd-x64@7.0.2 OK for: typescript@7.0.2 want: 7.0.2
497 silly placeDep ROOT @typescript/typescript-sunos-x64@7.0.2 OK for: typescript@7.0.2 want: 7.0.2
498 silly placeDep ROOT @typescript/typescript-win32-arm64@7.0.2 OK for: typescript@7.0.2 want: 7.0.2
499 silly placeDep ROOT @typescript/typescript-win32-x64@7.0.2 OK for: typescript@7.0.2 want: 7.0.2
500 silly placeDep ROOT escalade@3.2.0 OK for: update-browserslist-db@1.2.3 want: ^3.2.0
501 silly reify mark retired [ 'C:\\Users\\franp\\menuMuestra\\node_modules\\lucide-react' ]
502 silly reify moves {
502 silly reify   'C:\\Users\\franp\\menuMuestra\\node_modules\\lucide-react': 'C:\\Users\\franp\\menuMuestra\\node_modules\\.lucide-react-Z35EUFcX'
502 silly reify }
503 silly audit bulk request {
503 silly audit   react: [ '19.2.8' ],
503 silly audit   '@types/node': [ '26.1.2' ],
503 silly audit   '@types/react': [ '19.2.18' ],
503 silly audit   '@types/react-dom': [ '19.2.4' ],
503 silly audit   autoprefixer: [ '10.5.4' ],
503 silly audit   postcss: [ '8.5.26', '8.5.23' ],
503 silly audit   'lucide-react': [ '0.400.0' ],
503 silly audit   next: [ '16.3.0' ],
503 silly audit   'react-dom': [ '19.2.8' ],
503 silly audit   tailwindcss: [ '4.3.3' ],
503 silly audit   typescript: [ '7.0.2' ],
503 silly audit   'undici-types': [ '8.3.0' ],
503 silly audit   csstype: [ '3.2.3' ],
503 silly audit   browserslist: [ '4.28.7' ],
503 silly audit   'caniuse-lite': [ '1.0.30001807' ],
503 silly audit   'fraction.js': [ '5.3.4' ],
503 silly audit   picocolors: [ '1.1.1' ],
503 silly audit   'postcss-value-parser': [ '4.2.0' ],
503 silly audit   'baseline-browser-mapping': [ '2.11.12' ],
503 silly audit   'electron-to-chromium': [ '1.5.402' ],
503 silly audit   'node-releases': [ '2.0.53' ],
503 silly audit   'update-browserslist-db': [ '1.2.3' ],
503 silly audit   '@next/env': [ '16.3.0' ],
503 silly audit   '@next/swc-darwin-arm64': [ '16.3.0' ],
503 silly audit   '@next/swc-darwin-x64': [ '16.3.0' ],
503 silly audit   '@next/swc-linux-arm64-gnu': [ '16.3.0' ],
503 silly audit   '@next/swc-linux-arm64-musl': [ '16.3.0' ],
503 silly audit   '@next/swc-linux-x64-gnu': [ '16.3.0' ],
503 silly audit   '@next/swc-linux-x64-musl': [ '16.3.0' ],
503 silly audit   '@next/swc-win32-arm64-msvc': [ '16.3.0' ],
503 silly audit   '@next/swc-win32-x64-msvc': [ '16.3.0' ],
503 silly audit   '@swc/helpers': [ '0.5.15' ],
503 silly audit   sharp: [ '0.35.3' ],
503 silly audit   'styled-jsx': [ '5.1.6' ],
503 silly audit   tslib: [ '2.8.1' ],
503 silly audit   nanoid: [ '3.3.17' ],
503 silly audit   'source-map-js': [ '1.2.1' ],
503 silly audit   scheduler: [ '0.27.0' ],
503 silly audit   '@img/colour': [ '1.1.0' ],
503 silly audit   '@img/sharp-darwin-arm64': [ '0.35.3' ],
503 silly audit   '@img/sharp-darwin-x64': [ '0.35.3' ],
503 silly audit   '@img/sharp-freebsd-wasm32': [ '0.35.3' ],
503 silly audit   '@img/sharp-libvips-darwin-arm64': [ '1.3.2' ],
503 silly audit   '@img/sharp-libvips-darwin-x64': [ '1.3.2' ],
503 silly audit   '@img/sharp-libvips-linux-arm': [ '1.3.2' ],
503 silly audit   '@img/sharp-libvips-linux-arm64': [ '1.3.2' ],
503 silly audit   '@img/sharp-libvips-linux-ppc64': [ '1.3.2' ],
503 silly audit   '@img/sharp-libvips-linux-riscv64': [ '1.3.2' ],
503 silly audit   '@img/sharp-libvips-linux-s390x': [ '1.3.2' ],
503 silly audit   '@img/sharp-libvips-linux-x64': [ '1.3.2' ],
503 silly audit   '@img/sharp-libvips-linuxmusl-arm64': [ '1.3.2' ],
503 silly audit   '@img/sharp-libvips-linuxmusl-x64': [ '1.3.2' ],
503 silly audit   '@img/sharp-linux-arm': [ '0.35.3' ],
503 silly audit   '@img/sharp-linux-arm64': [ '0.35.3' ],
503 silly audit   '@img/sharp-linux-ppc64': [ '0.35.3' ],
503 silly audit   '@img/sharp-linux-riscv64': [ '0.35.3' ],
503 silly audit   '@img/sharp-linux-s390x': [ '0.35.3' ],
503 silly audit   '@img/sharp-linux-x64': [ '0.35.3' ],
503 silly audit   '@img/sharp-linuxmusl-arm64': [ '0.35.3' ],
503 silly audit   '@img/sharp-linuxmusl-x64': [ '0.35.3' ],
503 silly audit   '@img/sharp-webcontainers-wasm32': [ '0.35.3' ],
503 silly audit   '@img/sharp-win32-arm64': [ '0.35.3' ],
503 silly audit   '@img/sharp-win32-ia32': [ '0.35.3' ],
503 silly audit   '@img/sharp-win32-x64': [ '0.35.3' ],
503 silly audit   'detect-libc': [ '2.1.2' ],
503 silly audit   semver: [ '7.8.5' ],
503 silly audit   '@img/sharp-wasm32': [ '0.35.3' ],
503 silly audit   '@emnapi/runtime': [ '1.11.3' ],
503 silly audit   'client-only': [ '0.0.1' ],
503 silly audit   '@typescript/typescript-aix-ppc64': [ '7.0.2' ],
503 silly audit   '@typescript/typescript-darwin-arm64': [ '7.0.2' ],
503 silly audit   '@typescript/typescript-darwin-x64': [ '7.0.2' ],
503 silly audit   '@typescript/typescript-freebsd-arm64': [ '7.0.2' ],
503 silly audit   '@typescript/typescript-freebsd-x64': [ '7.0.2' ],
503 silly audit   '@typescript/typescript-linux-arm': [ '7.0.2' ],
503 silly audit   '@typescript/typescript-linux-arm64': [ '7.0.2' ],
503 silly audit   '@typescript/typescript-linux-loong64': [ '7.0.2' ],
503 silly audit   '@typescript/typescript-linux-mips64el': [ '7.0.2' ],
503 silly audit   '@typescript/typescript-linux-ppc64': [ '7.0.2' ],
503 silly audit   '@typescript/typescript-linux-riscv64': [ '7.0.2' ],
503 silly audit   '@typescript/typescript-linux-s390x': [ '7.0.2' ],
503 silly audit   '@typescript/typescript-linux-x64': [ '7.0.2' ],
503 silly audit   '@typescript/typescript-netbsd-arm64': [ '7.0.2' ],
503 silly audit   '@typescript/typescript-netbsd-x64': [ '7.0.2' ],
503 silly audit   '@typescript/typescript-openbsd-arm64': [ '7.0.2' ],
503 silly audit   '@typescript/typescript-openbsd-x64': [ '7.0.2' ],
503 silly audit   '@typescript/typescript-sunos-x64': [ '7.0.2' ],
503 silly audit   '@typescript/typescript-win32-arm64': [ '7.0.2' ],
503 silly audit   '@typescript/typescript-win32-x64': [ '7.0.2' ],
503 silly audit   escalade: [ '3.2.0' ]
503 silly audit }
504 http cache @typescript/typescript-win32-x64@https://registry.npmjs.org/@typescript/typescript-win32-x64/-/typescript-win32-x64-7.0.2.tgz 0ms (cache hit)
505 http cache client-only@https://registry.npmjs.org/client-only/-/client-only-0.0.1.tgz 0ms (cache hit)
506 http cache @emnapi/runtime@https://registry.npmjs.org/@emnapi/runtime/-/runtime-1.11.3.tgz 0ms (cache hit)
507 http cache @img/sharp-wasm32@https://registry.npmjs.org/@img/sharp-wasm32/-/sharp-wasm32-0.35.3.tgz 0ms (cache hit)
508 http cache @img/sharp-win32-x64@https://registry.npmjs.org/@img/sharp-win32-x64/-/sharp-win32-x64-0.35.3.tgz 0ms (cache hit)
509 http cache semver@https://registry.npmjs.org/semver/-/semver-7.8.5.tgz 0ms (cache hit)
510 http cache @img/colour@https://registry.npmjs.org/@img/colour/-/colour-1.1.0.tgz 0ms (cache hit)
511 http cache scheduler@https://registry.npmjs.org/scheduler/-/scheduler-0.27.0.tgz 0ms (cache hit)
512 http cache nanoid@https://registry.npmjs.org/nanoid/-/nanoid-3.3.17.tgz 0ms (cache hit)
513 http cache source-map-js@https://registry.npmjs.org/source-map-js/-/source-map-js-1.2.1.tgz 0ms (cache hit)
514 http cache escalade@https://registry.npmjs.org/escalade/-/escalade-3.2.0.tgz 0ms (cache hit)
515 http cache @swc/helpers@https://registry.npmjs.org/@swc/helpers/-/helpers-0.5.15.tgz 0ms (cache hit)
516 http cache tslib@https://registry.npmjs.org/tslib/-/tslib-2.8.1.tgz 0ms (cache hit)
517 http cache detect-libc@https://registry.npmjs.org/detect-libc/-/detect-libc-2.1.2.tgz 0ms (cache hit)
518 http cache styled-jsx@https://registry.npmjs.org/styled-jsx/-/styled-jsx-5.1.6.tgz 0ms (cache hit)
519 http cache @next/env@https://registry.npmjs.org/@next/env/-/env-16.3.0.tgz 0ms (cache hit)
520 http cache update-browserslist-db@https://registry.npmjs.org/update-browserslist-db/-/update-browserslist-db-1.2.3.tgz 0ms (cache hit)
521 http cache sharp@https://registry.npmjs.org/sharp/-/sharp-0.35.3.tgz 0ms (cache hit)
522 http cache @next/swc-win32-x64-msvc@https://registry.npmjs.org/@next/swc-win32-x64-msvc/-/swc-win32-x64-msvc-16.3.0.tgz 0ms (cache hit)
523 http cache node-releases@https://registry.npmjs.org/node-releases/-/node-releases-2.0.53.tgz 0ms (cache hit)
524 http cache electron-to-chromium@https://registry.npmjs.org/electron-to-chromium/-/electron-to-chromium-1.5.402.tgz 0ms (cache hit)
525 http cache baseline-browser-mapping@https://registry.npmjs.org/baseline-browser-mapping/-/baseline-browser-mapping-2.11.12.tgz 1ms (cache hit)
526 http cache picocolors@https://registry.npmjs.org/picocolors/-/picocolors-1.1.1.tgz 0ms (cache hit)
527 http cache postcss-value-parser@https://registry.npmjs.org/postcss-value-parser/-/postcss-value-parser-4.2.0.tgz 0ms (cache hit)
528 http cache fraction.js@https://registry.npmjs.org/fraction.js/-/fraction.js-5.3.4.tgz 0ms (cache hit)
529 http cache browserslist@https://registry.npmjs.org/browserslist/-/browserslist-4.28.7.tgz 0ms (cache hit)
530 http cache caniuse-lite@https://registry.npmjs.org/caniuse-lite/-/caniuse-lite-1.0.30001807.tgz 0ms (cache hit)
531 http cache csstype@https://registry.npmjs.org/csstype/-/csstype-3.2.3.tgz 0ms (cache hit)
532 http cache undici-types@https://registry.npmjs.org/undici-types/-/undici-types-8.3.0.tgz 0ms (cache hit)
533 http cache typescript@https://registry.npmjs.org/typescript/-/typescript-7.0.2.tgz 0ms (cache hit)
534 http cache tailwindcss@https://registry.npmjs.org/tailwindcss/-/tailwindcss-4.3.3.tgz 0ms (cache hit)
535 http cache react-dom@https://registry.npmjs.org/react-dom/-/react-dom-19.2.8.tgz 0ms (cache hit)
536 http cache next@https://registry.npmjs.org/next/-/next-16.3.0.tgz 0ms (cache hit)
537 http cache react@https://registry.npmjs.org/react/-/react-19.2.8.tgz 0ms (cache hit)
538 http cache autoprefixer@https://registry.npmjs.org/autoprefixer/-/autoprefixer-10.5.4.tgz 0ms (cache hit)
539 http cache postcss@https://registry.npmjs.org/postcss/-/postcss-8.5.26.tgz 0ms (cache hit)
540 http cache lucide-react@https://registry.npmjs.org/lucide-react/-/lucide-react-0.400.0.tgz 0ms (cache hit)
541 http cache @types/react@https://registry.npmjs.org/@types/react/-/react-19.2.18.tgz 0ms (cache hit)
542 silly tarball no local data for @typescript/typescript-win32-x64@https://registry.npmjs.org/@typescript/typescript-win32-x64/-/typescript-win32-x64-7.0.2.tgz. Extracting by manifest.
543 silly tarball no local data for client-only@https://registry.npmjs.org/client-only/-/client-only-0.0.1.tgz. Extracting by manifest.
544 silly tarball no local data for @emnapi/runtime@https://registry.npmjs.org/@emnapi/runtime/-/runtime-1.11.3.tgz. Extracting by manifest.
545 silly tarball no local data for @img/sharp-wasm32@https://registry.npmjs.org/@img/sharp-wasm32/-/sharp-wasm32-0.35.3.tgz. Extracting by manifest.
546 silly tarball no local data for @img/sharp-win32-x64@https://registry.npmjs.org/@img/sharp-win32-x64/-/sharp-win32-x64-0.35.3.tgz. Extracting by manifest.
547 silly tarball no local data for semver@https://registry.npmjs.org/semver/-/semver-7.8.5.tgz. Extracting by manifest.
548 http cache @types/react-dom@https://registry.npmjs.org/@types/react-dom/-/react-dom-19.2.4.tgz 0ms (cache hit)
549 silly tarball no local data for @img/colour@https://registry.npmjs.org/@img/colour/-/colour-1.1.0.tgz. Extracting by manifest.
550 silly tarball no local data for scheduler@https://registry.npmjs.org/scheduler/-/scheduler-0.27.0.tgz. Extracting by manifest.
551 silly tarball no local data for nanoid@https://registry.npmjs.org/nanoid/-/nanoid-3.3.17.tgz. Extracting by manifest.
552 silly tarball no local data for source-map-js@https://registry.npmjs.org/source-map-js/-/source-map-js-1.2.1.tgz. Extracting by manifest.
553 silly tarball no local data for escalade@https://registry.npmjs.org/escalade/-/escalade-3.2.0.tgz. Extracting by manifest.
554 silly tarball no local data for @swc/helpers@https://registry.npmjs.org/@swc/helpers/-/helpers-0.5.15.tgz. Extracting by manifest.
555 silly tarball no local data for tslib@https://registry.npmjs.org/tslib/-/tslib-2.8.1.tgz. Extracting by manifest.
556 http cache postcss@https://registry.npmjs.org/postcss/-/postcss-8.5.23.tgz 0ms (cache hit)
557 silly tarball no local data for detect-libc@https://registry.npmjs.org/detect-libc/-/detect-libc-2.1.2.tgz. Extracting by manifest.
558 silly tarball no local data for styled-jsx@https://registry.npmjs.org/styled-jsx/-/styled-jsx-5.1.6.tgz. Extracting by manifest.
559 silly tarball no local data for @next/env@https://registry.npmjs.org/@next/env/-/env-16.3.0.tgz. Extracting by manifest.
560 silly tarball no local data for update-browserslist-db@https://registry.npmjs.org/update-browserslist-db/-/update-browserslist-db-1.2.3.tgz. Extracting by manifest.
561 silly tarball no local data for sharp@https://registry.npmjs.org/sharp/-/sharp-0.35.3.tgz. Extracting by manifest.
562 silly tarball no local data for @next/swc-win32-x64-msvc@https://registry.npmjs.org/@next/swc-win32-x64-msvc/-/swc-win32-x64-msvc-16.3.0.tgz. Extracting by manifest.
563 silly tarball no local data for node-releases@https://registry.npmjs.org/node-releases/-/node-releases-2.0.53.tgz. Extracting by manifest.
564 silly tarball no local data for electron-to-chromium@https://registry.npmjs.org/electron-to-chromium/-/electron-to-chromium-1.5.402.tgz. Extracting by manifest.
565 silly tarball no local data for baseline-browser-mapping@https://registry.npmjs.org/baseline-browser-mapping/-/baseline-browser-mapping-2.11.12.tgz. Extracting by manifest.
566 silly tarball no local data for picocolors@https://registry.npmjs.org/picocolors/-/picocolors-1.1.1.tgz. Extracting by manifest.
567 silly tarball no local data for postcss-value-parser@https://registry.npmjs.org/postcss-value-parser/-/postcss-value-parser-4.2.0.tgz. Extracting by manifest.
568 silly tarball no local data for fraction.js@https://registry.npmjs.org/fraction.js/-/fraction.js-5.3.4.tgz. Extracting by manifest.
569 silly tarball no local data for browserslist@https://registry.npmjs.org/browserslist/-/browserslist-4.28.7.tgz. Extracting by manifest.
570 silly tarball no local data for caniuse-lite@https://registry.npmjs.org/caniuse-lite/-/caniuse-lite-1.0.30001807.tgz. Extracting by manifest.
571 silly tarball no local data for csstype@https://registry.npmjs.org/csstype/-/csstype-3.2.3.tgz. Extracting by manifest.
572 silly tarball no local data for undici-types@https://registry.npmjs.org/undici-types/-/undici-types-8.3.0.tgz. Extracting by manifest.
573 silly tarball no local data for typescript@https://registry.npmjs.org/typescript/-/typescript-7.0.2.tgz. Extracting by manifest.
574 silly tarball no local data for tailwindcss@https://registry.npmjs.org/tailwindcss/-/tailwindcss-4.3.3.tgz. Extracting by manifest.
575 silly tarball no local data for react-dom@https://registry.npmjs.org/react-dom/-/react-dom-19.2.8.tgz. Extracting by manifest.
576 silly tarball no local data for next@https://registry.npmjs.org/next/-/next-16.3.0.tgz. Extracting by manifest.
577 silly tarball no local data for react@https://registry.npmjs.org/react/-/react-19.2.8.tgz. Extracting by manifest.
578 silly tarball no local data for autoprefixer@https://registry.npmjs.org/autoprefixer/-/autoprefixer-10.5.4.tgz. Extracting by manifest.
579 silly tarball no local data for postcss@https://registry.npmjs.org/postcss/-/postcss-8.5.26.tgz. Extracting by manifest.
580 http cache @types/node@https://registry.npmjs.org/@types/node/-/node-26.1.2.tgz 1ms (cache hit)
581 silly tarball no local data for lucide-react@https://registry.npmjs.org/lucide-react/-/lucide-react-0.400.0.tgz. Extracting by manifest.
582 silly tarball no local data for @types/react@https://registry.npmjs.org/@types/react/-/react-19.2.18.tgz. Extracting by manifest.
583 silly tarball no local data for @types/react-dom@https://registry.npmjs.org/@types/react-dom/-/react-dom-19.2.4.tgz. Extracting by manifest.
584 silly tarball no local data for postcss@https://registry.npmjs.org/postcss/-/postcss-8.5.23.tgz. Extracting by manifest.
585 silly tarball no local data for @types/node@https://registry.npmjs.org/@types/node/-/node-26.1.2.tgz. Extracting by manifest.
586 http fetch POST 200 https://registry.npmjs.org/-/npm/v1/security/advisories/bulk 304ms
587 silly audit report {}
588 http fetch GET 200 https://registry.npmjs.org/client-only/-/client-only-0.0.1.tgz 348ms (cache miss)
589 http fetch GET 200 https://registry.npmjs.org/update-browserslist-db/-/update-browserslist-db-1.2.3.tgz 401ms (cache miss)
590 http fetch GET 200 https://registry.npmjs.org/@next/env/-/env-16.3.0.tgz 425ms (cache miss)
591 http fetch GET 200 https://registry.npmjs.org/node-releases/-/node-releases-2.0.53.tgz 536ms (cache miss)
592 http fetch GET 200 https://registry.npmjs.org/postcss-value-parser/-/postcss-value-parser-4.2.0.tgz 621ms (cache miss)
593 http fetch GET 200 https://registry.npmjs.org/picocolors/-/picocolors-1.1.1.tgz 745ms (cache miss)
594 http fetch GET 200 https://registry.npmjs.org/@types/react-dom/-/react-dom-19.2.4.tgz 728ms (cache miss)
595 http fetch GET 200 https://registry.npmjs.org/detect-libc/-/detect-libc-2.1.2.tgz 946ms (cache miss)
596 http fetch GET 200 https://registry.npmjs.org/browserslist/-/browserslist-4.28.7.tgz 1040ms (cache miss)
597 http fetch GET 200 https://registry.npmjs.org/escalade/-/escalade-3.2.0.tgz 1059ms (cache miss)
598 http fetch GET 200 https://registry.npmjs.org/baseline-browser-mapping/-/baseline-browser-mapping-2.11.12.tgz 1107ms (cache miss)
599 http fetch GET 200 https://registry.npmjs.org/@img/colour/-/colour-1.1.0.tgz 1133ms (cache miss)
600 http fetch GET 200 https://registry.npmjs.org/electron-to-chromium/-/electron-to-chromium-1.5.402.tgz 1121ms (cache miss)
601 http fetch GET 200 https://registry.npmjs.org/scheduler/-/scheduler-0.27.0.tgz 1328ms (cache miss)
602 http fetch GET 200 https://registry.npmjs.org/tslib/-/tslib-2.8.1.tgz 1373ms (cache miss)
603 http fetch GET 200 https://registry.npmjs.org/@emnapi/runtime/-/runtime-1.11.3.tgz 1537ms (cache miss)
604 http fetch GET 200 https://registry.npmjs.org/@types/react/-/react-19.2.18.tgz 1542ms (cache miss)
605 http fetch GET 200 https://registry.npmjs.org/source-map-js/-/source-map-js-1.2.1.tgz 1587ms (cache miss)
606 http fetch GET 200 https://registry.npmjs.org/nanoid/-/nanoid-3.3.17.tgz 1594ms (cache miss)
607 http fetch GET 200 https://registry.npmjs.org/csstype/-/csstype-3.2.3.tgz 1610ms (cache miss)
608 http fetch GET 200 https://registry.npmjs.org/fraction.js/-/fraction.js-5.3.4.tgz 1677ms (cache miss)
609 http fetch GET 200 https://registry.npmjs.org/styled-jsx/-/styled-jsx-5.1.6.tgz 1706ms (cache miss)
610 http fetch GET 200 https://registry.npmjs.org/react/-/react-19.2.8.tgz 1798ms (cache miss)
611 http fetch GET 200 https://registry.npmjs.org/undici-types/-/undici-types-8.3.0.tgz 1943ms (cache miss)
612 http fetch GET 200 https://registry.npmjs.org/semver/-/semver-7.8.5.tgz 2284ms (cache miss)
613 http fetch GET 200 https://registry.npmjs.org/tailwindcss/-/tailwindcss-4.3.3.tgz 2264ms (cache miss)
614 http fetch GET 200 https://registry.npmjs.org/postcss/-/postcss-8.5.26.tgz 2386ms (cache miss)
615 http fetch GET 200 https://registry.npmjs.org/sharp/-/sharp-0.35.3.tgz 2414ms (cache miss)
616 http fetch GET 200 https://registry.npmjs.org/postcss/-/postcss-8.5.23.tgz 2384ms (cache miss)
617 http fetch GET 200 https://registry.npmjs.org/@img/sharp-wasm32/-/sharp-wasm32-0.35.3.tgz 3020ms (cache miss)
618 http fetch GET 200 https://registry.npmjs.org/autoprefixer/-/autoprefixer-10.5.4.tgz 3032ms (cache miss)
619 http fetch GET 200 https://registry.npmjs.org/@types/node/-/node-26.1.2.tgz 3189ms (cache miss)
620 http fetch GET 200 https://registry.npmjs.org/react-dom/-/react-dom-19.2.8.tgz 3343ms (cache miss)
621 http fetch GET 200 https://registry.npmjs.org/@img/sharp-win32-x64/-/sharp-win32-x64-0.35.3.tgz 4256ms (cache miss)
622 http fetch GET 200 https://registry.npmjs.org/@typescript/typescript-win32-x64/-/typescript-win32-x64-7.0.2.tgz 5247ms (cache miss)
623 http fetch GET 200 https://registry.npmjs.org/@swc/helpers/-/helpers-0.5.15.tgz 5418ms (cache miss)
624 http fetch GET 200 https://registry.npmjs.org/typescript/-/typescript-7.0.2.tgz 6726ms (cache miss)
625 http fetch GET 200 https://registry.npmjs.org/@next/swc-win32-x64-msvc/-/swc-win32-x64-msvc-16.3.0.tgz 6941ms (cache miss)
626 http fetch GET 200 https://registry.npmjs.org/caniuse-lite/-/caniuse-lite-1.0.30001807.tgz 7921ms (cache miss)
627 http fetch GET 200 https://registry.npmjs.org/lucide-react/-/lucide-react-0.400.0.tgz 15953ms (cache miss)
628 http fetch GET 200 https://registry.npmjs.org/next/-/next-16.3.0.tgz 47582ms (cache miss)
629 silly ADD node_modules/escalade
630 silly ADD node_modules/@typescript/typescript-win32-x64
631 silly ADD node_modules/client-only
632 silly ADD node_modules/@emnapi/runtime
633 silly ADD node_modules/@img/sharp-wasm32
634 silly ADD node_modules/semver
635 silly ADD node_modules/detect-libc
636 silly ADD node_modules/@img/sharp-win32-x64
637 silly ADD node_modules/@img/colour
638 silly ADD node_modules/scheduler
639 silly ADD node_modules/source-map-js
640 silly ADD node_modules/nanoid
641 silly ADD node_modules/tslib
642 silly ADD node_modules/styled-jsx
643 silly ADD node_modules/sharp
644 silly ADD node_modules/@swc/helpers
645 silly ADD node_modules/@next/swc-win32-x64-msvc
646 silly ADD node_modules/@next/env
647 silly ADD node_modules/update-browserslist-db
648 silly ADD node_modules/node-releases
649 silly ADD node_modules/electron-to-chromium
650 silly ADD node_modules/baseline-browser-mapping
651 silly ADD node_modules/postcss-value-parser
652 silly ADD node_modules/picocolors
653 silly ADD node_modules/fraction.js
654 silly ADD node_modules/caniuse-lite
655 silly ADD node_modules/browserslist
656 silly ADD node_modules/csstype
657 silly ADD node_modules/undici-types
658 silly ADD node_modules/typescript
659 silly ADD node_modules/tailwindcss
660 silly ADD node_modules/react-dom
661 silly ADD node_modules/next
662 silly ADD node_modules/next/node_modules/postcss
663 silly ADD node_modules/react
664 silly ADD node_modules/postcss
665 silly ADD node_modules/autoprefixer
666 silly ADD node_modules/@types/react-dom
667 silly ADD node_modules/@types/react
668 silly ADD node_modules/@types/node
669 silly CHANGE node_modules/lucide-react
670 verbose cwd C:\Users\franp\menuMuestra
671 verbose os Windows_NT 10.0.26200
672 verbose node v24.13.0
673 verbose npm  v11.6.2
674 verbose exit 0
675 info ok
